Archive member included because of file (symbol)

/usr/local/gcc-arm-none-eabi-4_8-2014q1/bin/../lib/gcc/arm-none-eabi/4.8.3/armv6-m/libgcc.a(_udivsi3.o)
                              _build/pstorage.o (__aeabi_uidiv)
/usr/local/gcc-arm-none-eabi-4_8-2014q1/bin/../lib/gcc/arm-none-eabi/4.8.3/armv6-m/libgcc.a(_dvmd_tls.o)
                              /usr/local/gcc-arm-none-eabi-4_8-2014q1/bin/../lib/gcc/arm-none-eabi/4.8.3/armv6-m/libgcc.a(_udivsi3.o) (__aeabi_idiv0)
/usr/local/gcc-arm-none-eabi-4_8-2014q1/bin/../lib/gcc/arm-none-eabi/4.8.3/../../../../arm-none-eabi/lib/armv6-m/libc.a(lib_a-exit.o)
                              /usr/local/gcc-arm-none-eabi-4_8-2014q1/bin/../lib/gcc/arm-none-eabi/4.8.3/../../../../arm-none-eabi/lib/armv6-m/crt0.o (exit)
/usr/local/gcc-arm-none-eabi-4_8-2014q1/bin/../lib/gcc/arm-none-eabi/4.8.3/../../../../arm-none-eabi/lib/armv6-m/libc.a(lib_a-impure.o)
                              /usr/local/gcc-arm-none-eabi-4_8-2014q1/bin/../lib/gcc/arm-none-eabi/4.8.3/../../../../arm-none-eabi/lib/armv6-m/libc.a(lib_a-exit.o) (_global_impure_ptr)
/usr/local/gcc-arm-none-eabi-4_8-2014q1/bin/../lib/gcc/arm-none-eabi/4.8.3/../../../../arm-none-eabi/lib/armv6-m/libc.a(lib_a-init.o)
                              /usr/local/gcc-arm-none-eabi-4_8-2014q1/bin/../lib/gcc/arm-none-eabi/4.8.3/../../../../arm-none-eabi/lib/armv6-m/crt0.o (__libc_init_array)
/usr/local/gcc-arm-none-eabi-4_8-2014q1/bin/../lib/gcc/arm-none-eabi/4.8.3/../../../../arm-none-eabi/lib/armv6-m/libc.a(lib_a-memcpy-stub.o)
                              _build/main.o (memcpy)
/usr/local/gcc-arm-none-eabi-4_8-2014q1/bin/../lib/gcc/arm-none-eabi/4.8.3/../../../../arm-none-eabi/lib/armv6-m/libc.a(lib_a-memset.o)
                              /usr/local/gcc-arm-none-eabi-4_8-2014q1/bin/../lib/gcc/arm-none-eabi/4.8.3/../../../../arm-none-eabi/lib/armv6-m/crt0.o (memset)
/usr/local/gcc-arm-none-eabi-4_8-2014q1/bin/../lib/gcc/arm-none-eabi/4.8.3/../../../../arm-none-eabi/lib/armv6-m/libc.a(lib_a-strlen.o)
                              _build/ble_srv_common.o (strlen)
/usr/local/gcc-arm-none-eabi-4_8-2014q1/bin/../lib/gcc/arm-none-eabi/4.8.3/../../../../arm-none-eabi/lib/armv6-m/libc.a(lib_a-strncpy.o)
                              _build/ble_debug_assert_handler.o (strncpy)
/usr/local/gcc-arm-none-eabi-4_8-2014q1/bin/../lib/gcc/arm-none-eabi/4.8.3/../../../../arm-none-eabi/lib/armv6-m/libc.a(lib_a-__call_atexit.o)
                              /usr/local/gcc-arm-none-eabi-4_8-2014q1/bin/../lib/gcc/arm-none-eabi/4.8.3/../../../../arm-none-eabi/lib/armv6-m/libc.a(lib_a-exit.o) (__call_exitprocs)
/usr/local/gcc-arm-none-eabi-4_8-2014q1/bin/../lib/gcc/arm-none-eabi/4.8.3/../../../../arm-none-eabi/lib/armv6-m/libc.a(lib_a-atexit.o)
                              /usr/local/gcc-arm-none-eabi-4_8-2014q1/bin/../lib/gcc/arm-none-eabi/4.8.3/../../../../arm-none-eabi/lib/armv6-m/libc.a(lib_a-__call_atexit.o) (atexit)
/usr/local/gcc-arm-none-eabi-4_8-2014q1/bin/../lib/gcc/arm-none-eabi/4.8.3/../../../../arm-none-eabi/lib/armv6-m/libc.a(lib_a-fini.o)
                              /usr/local/gcc-arm-none-eabi-4_8-2014q1/bin/../lib/gcc/arm-none-eabi/4.8.3/../../../../arm-none-eabi/lib/armv6-m/libc.a(lib_a-__call_atexit.o) (__libc_fini_array)
/usr/local/gcc-arm-none-eabi-4_8-2014q1/bin/../lib/gcc/arm-none-eabi/4.8.3/../../../../arm-none-eabi/lib/armv6-m/libc.a(lib_a-__atexit.o)
                              /usr/local/gcc-arm-none-eabi-4_8-2014q1/bin/../lib/gcc/arm-none-eabi/4.8.3/../../../../arm-none-eabi/lib/armv6-m/libc.a(lib_a-atexit.o) (__register_exitproc)
/usr/local/gcc-arm-none-eabi-4_8-2014q1/bin/../lib/gcc/arm-none-eabi/4.8.3/../../../../arm-none-eabi/lib/armv6-m/libnosys.a(_exit.o)
                              /usr/local/gcc-arm-none-eabi-4_8-2014q1/bin/../lib/gcc/arm-none-eabi/4.8.3/../../../../arm-none-eabi/lib/armv6-m/libc.a(lib_a-exit.o) (_exit)

Discarded input sections

 .text          0x00000000        0x0 /usr/local/gcc-arm-none-eabi-4_8-2014q1/bin/../lib/gcc/arm-none-eabi/4.8.3/armv6-m/crti.o
 .data          0x00000000        0x0 /usr/local/gcc-arm-none-eabi-4_8-2014q1/bin/../lib/gcc/arm-none-eabi/4.8.3/armv6-m/crti.o
 .bss           0x00000000        0x0 /usr/local/gcc-arm-none-eabi-4_8-2014q1/bin/../lib/gcc/arm-none-eabi/4.8.3/armv6-m/crti.o
 .text          0x00000000       0x60 /usr/local/gcc-arm-none-eabi-4_8-2014q1/bin/../lib/gcc/arm-none-eabi/4.8.3/armv6-m/crtbegin.o
 .data          0x00000000        0x4 /usr/local/gcc-arm-none-eabi-4_8-2014q1/bin/../lib/gcc/arm-none-eabi/4.8.3/armv6-m/crtbegin.o
 .bss           0x00000000       0x1c /usr/local/gcc-arm-none-eabi-4_8-2014q1/bin/../lib/gcc/arm-none-eabi/4.8.3/armv6-m/crtbegin.o
 .init_array    0x00000000        0x4 /usr/local/gcc-arm-none-eabi-4_8-2014q1/bin/../lib/gcc/arm-none-eabi/4.8.3/armv6-m/crtbegin.o
 .fini_array    0x00000000        0x4 /usr/local/gcc-arm-none-eabi-4_8-2014q1/bin/../lib/gcc/arm-none-eabi/4.8.3/armv6-m/crtbegin.o
[...]
Memory Configuration

Name             Origin             Length             Attributes
FLASH            0x00016000         0x0002a000         xr
RAM              0x20002000         0x00002000         xrw
*default*        0x00000000         0xffffffff

Linker script and memory map

LOAD /usr/local/gcc-arm-none-eabi-4_8-2014q1/bin/../lib/gcc/arm-none-eabi/4.8.3/armv6-m/crti.o
LOAD /usr/local/gcc-arm-none-eabi-4_8-2014q1/bin/../lib/gcc/arm-none-eabi/4.8.3/armv6-m/crtbegin.o
LOAD /usr/local/gcc-arm-none-eabi-4_8-2014q1/bin/../lib/gcc/arm-none-eabi/4.8.3/../../../../arm-none-eabi/lib/armv6-m/crt0.o
LOAD _build/main.o
LOAD _build/ble_srv_common.o
LOAD _build/ble_cis.o
LOAD _build/ble_advdata.o
LOAD _build/ble_sensorsim.o
LOAD _build/softdevice_handler.o
LOAD _build/ble_debug_assert_handler.o
LOAD _build/ble_error_log.o
LOAD _build/ble_conn_params.o
LOAD _build/pstorage.o
LOAD _build/crc16.o
LOAD _build/app_timer.o
LOAD _build/app_scheduler.o
LOAD _build/app_button.o
LOAD _build/app_gpiote.o
LOAD _build/SEGGER_RTT.o
LOAD _build/SEGGER_RTT_printf.o
LOAD _build/system_nrf51.o
LOAD _build/gcc_startup_nrf51.o
START GROUP
LOAD /usr/local/gcc-arm-none-eabi-4_8-2014q1/bin/../lib/gcc/arm-none-eabi/4.8.3/armv6-m/libgcc.a
LOAD /usr/local/gcc-arm-none-eabi-4_8-2014q1/bin/../lib/gcc/arm-none-eabi/4.8.3/../../../../arm-none-eabi/lib/armv6-m/libc.a
END GROUP
LOAD /usr/local/gcc-arm-none-eabi-4_8-2014q1/bin/../lib/gcc/arm-none-eabi/4.8.3/armv6-m/crtend.o
LOAD /usr/local/gcc-arm-none-eabi-4_8-2014q1/bin/../lib/gcc/arm-none-eabi/4.8.3/armv6-m/crtn.o
START GROUP
LOAD /usr/local/gcc-arm-none-eabi-4_8-2014q1/bin/../lib/gcc/arm-none-eabi/4.8.3/armv6-m/libgcc.a
LOAD /usr/local/gcc-arm-none-eabi-4_8-2014q1/bin/../lib/gcc/arm-none-eabi/4.8.3/../../../../arm-none-eabi/lib/armv6-m/libc.a
LOAD /usr/local/gcc-arm-none-eabi-4_8-2014q1/bin/../lib/gcc/arm-none-eabi/4.8.3/../../../../arm-none-eabi/lib/armv6-m/libnosys.a
END GROUP

.text           0x00016000     0x58d0
 *(.Vectors)
 .Vectors       0x00016000       0xc0 _build/gcc_startup_nrf51.o
                0x00016000                __Vectors
 *(.text*)
 .text          0x000160c0       0x78 /usr/local/gcc-arm-none-eabi-4_8-2014q1/bin/../lib/gcc/arm-none-eabi/4.8.3/../../../../arm-none-eabi/lib/armv6-m/crt0.o
                0x000160c0                _mainCRTStartup
                0x000160c0                _start
 .text.nrf_gpio_cfg_output
                0x00016138       0x20 _build/main.o
 .text.nrf_gpio_cfg_input
                0x00016158       0x2c _build/main.o
 .text.nrf_gpio_pin_set
                0x00016184       0x20 _build/main.o
 .text.nrf_gpio_pin_clear
                0x000161a4       0x20 _build/main.o
 .text.sd_ble_gap_adv_start
                0x000161c4        0x8 _build/main.o
 .text.sd_ble_gap_disconnect
                0x000161cc        0x8 _build/main.o
 .text.sd_ble_gap_ppcp_set
                0x000161d4        0x8 _build/main.o
 .text.sd_ble_gap_device_name_set
                0x000161dc        0x8 _build/main.o
 .text.sd_ble_gap_sec_params_reply
                0x000161e4        0x8 _build/main.o
 .text.sd_ble_gap_sec_info_reply
                0x000161ec        0x8 _build/main.o
 .text.sd_ble_gatts_sys_attr_set
                0x000161f4        0x8 _build/main.o
 .text.sd_ble_enable
                0x000161fc        0x8 _build/main.o
 .text.sd_power_system_off
                0x00016204        0x8 _build/main.o
 .text.sd_app_evt_wait
                0x0001620c        0x8 _build/main.o
 .text.app_error_handler
                0x00016214       0x38 _build/main.o
                0x00016214                app_error_handler
 .text.assert_nrf_callback
                0x0001624c       0x2c _build/main.o
                0x0001624c                assert_nrf_callback
 .text.control_gpio
                0x00016278       0x74 _build/main.o
                0x00016278                control_gpio
 .text.leds_init
                0x000162ec       0xa4 _build/main.o
 .text.collect_1st_handler
                0x00016390       0x28 _build/main.o
 .text.collect_2nd_handler
                0x000163b8       0x28 _build/main.o
 .text.collect_3rd_handler
                0x000163e0       0x28 _build/main.o
 .text.collect_4th_handler
                0x00016408       0x28 _build/main.o
 .text.collect_5th_handler
                0x00016430       0x28 _build/main.o
 .text.collect_6th_handler
                0x00016458       0x28 _build/main.o
 .text.collect_7th_handler
                0x00016480       0x28 _build/main.o
 .text.timers_start
                0x000164a8       0x18 _build/main.o
 .text.timers_init
                0x000164c0      0x1d8 _build/main.o
 .text.gap_params_init
                0x00016698       0xc0 _build/main.o
 .text.advertising_init
                0x00016758       0xb4 _build/main.o
 .text.led_write_handler
                0x0001680c      0x1a8 _build/main.o
 .text.services_init
                0x000169b4       0x58 _build/main.o
 .text.sec_params_init
                0x00016a0c       0x44 _build/main.o
 .text.on_conn_params_evt
                0x00016a50       0x58 _build/main.o
 .text.conn_params_error_handler
                0x00016aa8       0x28 _build/main.o
 .text.conn_params_init
                0x00016ad0       0x90 _build/main.o
 .text.advertising_start
                0x00016b60       0x8c _build/main.o
 .text.on_ble_evt
                0x00016bec      0x1d0 _build/main.o
 .text.ble_evt_dispatch
                0x00016dbc       0x3c _build/main.o
 .text.sys_evt_dispatch
                0x00016df8       0x18 _build/main.o
 .text.ble_stack_init
                0x00016e10       0xf0 _build/main.o
 .text.scheduler_init
                0x00016f00       0x44 _build/main.o
 .text.gpiote_init
                0x00016f44       0x40 _build/main.o
 .text.power_manage
                0x00016f84       0x38 _build/main.o
 .text.main     0x00016fbc       0x40 _build/main.o
                0x00016fbc                main
 .text.sd_ble_gatts_service_add
                0x00016ffc        0x8 _build/ble_cis.o
 .text.sd_ble_gatts_characteristic_add
                0x00017004        0x8 _build/ble_cis.o
 .text.sd_ble_uuid_vs_add
                0x0001700c        0x8 _build/ble_cis.o
 .text.on_connect
                0x00017014       0x28 _build/ble_cis.o
 .text.on_disconnect
                0x0001703c       0x28 _build/ble_cis.o
 .text.on_write
                0x00017064       0x50 _build/ble_cis.o
 .text.ble_cis_on_ble_evt
                0x000170b4       0x5c _build/ble_cis.o
                0x000170b4                ble_cis_on_ble_evt
 .text.led_char_add
                0x00017110      0x15c _build/ble_cis.o
 .text.ble_cis_init
                0x0001726c       0xb4 _build/ble_cis.o
                0x0001726c                ble_cis_init
 .text.sd_ble_gap_adv_data_set
                0x00017320        0x8 _build/ble_advdata.o
 .text.sd_ble_gap_appearance_get
                0x00017328        0x8 _build/ble_advdata.o
 .text.sd_ble_gap_device_name_get
                0x00017330        0x8 _build/ble_advdata.o
 .text.sd_ble_uuid_encode
                0x00017338        0x8 _build/ble_advdata.o
 .text.uint16_encode
                0x00017340       0x34 _build/ble_advdata.o
 .text.name_encode
                0x00017374      0x134 _build/ble_advdata.o
 .text.appearance_encode
                0x000174a8       0x88 _build/ble_advdata.o
 .text.uint8_array_encode
                0x00017530       0xa0 _build/ble_advdata.o
 .text.tx_power_level_encode
                0x000175d0       0x6c _build/ble_advdata.o
 .text.uuid_list_sized_encode
                0x0001763c      0x16c _build/ble_advdata.o
 .text.uuid_list_encode
                0x000177a8       0x6c _build/ble_advdata.o
 .text.conn_int_check
                0x00017814       0x80 _build/ble_advdata.o
 .text.conn_int_encode
                0x00017894       0xa8 _build/ble_advdata.o
 .text.manuf_specific_data_encode
                0x0001793c       0xcc _build/ble_advdata.o
 .text.service_data_encode
                0x00017a08      0x100 _build/ble_advdata.o
 .text.adv_data_encode
                0x00017b08      0x1b8 _build/ble_advdata.o
 .text.advdata_check
                0x00017cc0       0x34 _build/ble_advdata.o
 .text.srdata_check
                0x00017cf4       0x20 _build/ble_advdata.o
 .text.ble_advdata_set
                0x00017d14       0xcc _build/ble_advdata.o
                0x00017d14                ble_advdata_set
 .text.sd_nvic_EnableIRQ
                0x00017de0        0x8 _build/softdevice_handler.o
 .text.sd_evt_get
                0x00017de8        0x8 _build/softdevice_handler.o
 .text.sd_softdevice_enable
                0x00017df0        0x8 _build/softdevice_handler.o
 .text.is_word_aligned
                0x00017df8       0x1c _build/softdevice_handler.o
 .text.sd_ble_evt_get
                0x00017e14        0x8 _build/softdevice_handler.o
 .text.softdevice_assertion_handler
                0x00017e1c       0x28 _build/softdevice_handler.o
                0x00017e1c                softdevice_assertion_handler
 .text.intern_softdevice_events_execute
                0x00017e44      0x114 _build/softdevice_handler.o
                0x00017e44                intern_softdevice_events_execute
 .text.softdevice_handler_init
                0x00017f58       0x8c _build/softdevice_handler.o
                0x00017f58                softdevice_handler_init
 .text.softdevice_ble_evt_handler_set
                0x00017fe4       0x28 _build/softdevice_handler.o
                0x00017fe4                softdevice_ble_evt_handler_set
 .text.softdevice_sys_evt_handler_set
                0x0001800c       0x28 _build/softdevice_handler.o
                0x0001800c                softdevice_sys_evt_handler_set
 .text.SWI2_IRQHandler
                0x00018034       0x4c _build/softdevice_handler.o
                0x00018034                SWI2_IRQHandler
 .text.ble_debug_assert_handler
                0x00018080       0x48 _build/ble_debug_assert_handler.o
                0x00018080                ble_debug_assert_handler
 .text.sd_ble_gap_conn_param_update
                0x000180c8        0x8 _build/ble_conn_params.o
 .text.sd_ble_gap_disconnect
                0x000180d0        0x8 _build/ble_conn_params.o
 .text.sd_ble_gap_ppcp_set
                0x000180d8        0x8 _build/ble_conn_params.o
 .text.sd_ble_gap_ppcp_get
                0x000180e0        0x8 _build/ble_conn_params.o
 .text.uint16_decode
                0x000180e8       0x28 _build/ble_conn_params.o
 .text.ble_srv_is_notification_enabled
                0x00018110       0x30 _build/ble_conn_params.o
 .text.is_conn_params_ok
                0x00018140       0x34 _build/ble_conn_params.o
 .text.update_timeout_handler
                0x00018174       0xc4 _build/ble_conn_params.o
 .text.ble_conn_params_init
                0x00018238       0xac _build/ble_conn_params.o
                0x00018238                ble_conn_params_init
 .text.conn_params_negotiation
                0x000182e4       0xbc _build/ble_conn_params.o
 .text.on_connect
                0x000183a0       0x4c _build/ble_conn_params.o
 .text.on_disconnect
                0x000183ec       0x54 _build/ble_conn_params.o
 .text.on_write
                0x00018440       0x6c _build/ble_conn_params.o
 .text.on_conn_params_update
                0x000184ac       0x2c _build/ble_conn_params.o
 .text.ble_conn_params_on_ble_evt
                0x000184d8       0x50 _build/ble_conn_params.o
                0x000184d8                ble_conn_params_on_ble_evt
 .text.sd_flash_write
                0x00018528        0x8 _build/pstorage.o
 .text.sd_flash_page_erase
                0x00018530        0x8 _build/pstorage.o
 .text.cmd_queue_element_init
                0x00018538       0x84 _build/pstorage.o
 .text.cmd_queue_dequeue
                0x000185bc       0x38 _build/pstorage.o
 .text.app_notify
                0x000185f4       0xa8 _build/pstorage.o
 .text.pstorage_sys_event_handler
                0x0001869c      0x1d0 _build/pstorage.o
                0x0001869c                pstorage_sys_event_handler
 .text.swap_state_process
                0x0001886c      0x2d8 _build/pstorage.o
 .text.cmd_process
                0x00018b44      0x210 _build/pstorage.o
 .text.is_word_aligned
                0x00018d54       0x1c _build/app_timer.o
 .text.NVIC_EnableIRQ
                0x00018d70       0x2c _build/app_timer.o
 .text.NVIC_DisableIRQ
                0x00018d9c       0x30 _build/app_timer.o
 .text.NVIC_SetPendingIRQ
                0x00018dcc       0x34 _build/app_timer.o
 .text.NVIC_ClearPendingIRQ
                0x00018e00       0x34 _build/app_timer.o
 .text.NVIC_SetPriority
                0x00018e34       0xe0 _build/app_timer.o
 .text.NVIC_GetPriority
                0x00018f14       0x78 _build/app_timer.o
 .text.nrf_delay_us
                0x00018f8c       0x34 _build/app_timer.o
 .text.current_int_priority_get
                0x00018fc0       0x3c _build/app_timer.o
 .text.rtc1_init
                0x00018ffc       0x24 _build/app_timer.o
 .text.rtc1_start
                0x00019020       0x48 _build/app_timer.o
 .text.rtc1_stop
                0x00019068       0x58 _build/app_timer.o
 .text.rtc1_counter_get
                0x000190c0       0x18 _build/app_timer.o
 .text.ticks_diff_get
                0x000190d8       0x1c _build/app_timer.o
 .text.rtc1_compare0_set
                0x000190f4       0x1c _build/app_timer.o
 .text.timer_list_insert
                0x00019110      0x144 _build/app_timer.o
 .text.timer_list_remove
                0x00019254       0xf8 _build/app_timer.o
 .text.timer_timeouts_check_sched
                0x0001934c       0x10 _build/app_timer.o
 .text.timer_list_handler_sched
                0x0001935c       0x10 _build/app_timer.o
 .text.timeout_handler_exec
                0x0001936c       0x64 _build/app_timer.o
 .text.timer_timeouts_check
                0x000193d0       0xcc _build/app_timer.o
 .text.elapsed_ticks_acquire
                0x0001949c       0x7c _build/app_timer.o
 .text.list_deletions_handler
                0x00019518      0x124 _build/app_timer.o
 .text.expired_timers_handler
                0x0001963c       0xb0 _build/app_timer.o
 .text.list_insertions_handler
                0x000196ec      0x1ac _build/app_timer.o
 .text.compare_reg_update
                0x00019898       0xc4 _build/app_timer.o
 .text.timer_list_handler
                0x0001995c       0x8c _build/app_timer.o
 .text.user_op_enque
                0x000199e8       0x18 _build/app_timer.o
 .text.user_op_alloc
                0x00019a00       0x58 _build/app_timer.o
 .text.timer_start_op_schedule
                0x00019a58       0x80 _build/app_timer.o
 .text.timer_stop_op_schedule
                0x00019ad8       0x60 _build/app_timer.o
 .text.RTC1_IRQHandler
                0x00019b38       0x4c _build/app_timer.o
                0x00019b38                RTC1_IRQHandler
 .text.SWI0_IRQHandler
                0x00019b84        0xc _build/app_timer.o
                0x00019b84                SWI0_IRQHandler
 .text.app_timer_init
                0x00019b90      0x170 _build/app_timer.o
                0x00019b90                app_timer_init
 .text.app_timer_create
                0x00019d00       0xbc _build/app_timer.o
                0x00019d00                app_timer_create
 .text.user_id_get
                0x00019dbc       0x34 _build/app_timer.o
 .text.app_timer_start
                0x00019df0       0x8c _build/app_timer.o
                0x00019df0                app_timer_start
 .text.app_timer_stop
                0x00019e7c       0x60 _build/app_timer.o
                0x00019e7c                app_timer_stop
 .text.is_word_aligned
                0x00019edc       0x1c _build/app_scheduler.o
 .text.next_index
                0x00019ef8       0x34 _build/app_scheduler.o
 .text.app_sched_init
                0x00019f2c       0x90 _build/app_scheduler.o
                0x00019f2c                app_sched_init
 .text.app_sched_event_get
                0x00019fbc       0xa0 _build/app_scheduler.o
 .text.app_sched_execute
                0x0001a05c       0x38 _build/app_scheduler.o
                0x0001a05c                app_sched_execute
 .text.NVIC_EnableIRQ
                0x0001a094       0x2c _build/app_gpiote.o
 .text.NVIC_ClearPendingIRQ
                0x0001a0c0       0x34 _build/app_gpiote.o
 .text.NVIC_SetPriority
                0x0001a0f4       0xe0 _build/app_gpiote.o
 .text.is_word_aligned
                0x0001a1d4       0x1c _build/app_gpiote.o
 .text.sense_level_toggle
                0x0001a1f0       0xac _build/app_gpiote.o
 .text.GPIOTE_IRQHandler
                0x0001a29c      0x11c _build/app_gpiote.o
                0x0001a29c                GPIOTE_IRQHandler
 .text.app_gpiote_init
                0x0001a3b8       0xa4 _build/app_gpiote.o
                0x0001a3b8                app_gpiote_init
 .text._Init    0x0001a45c        0x8 _build/SEGGER_RTT.o
 .text.SEGGER_RTT_Write
                0x0001a464      0x224 _build/SEGGER_RTT.o
                0x0001a464                SEGGER_RTT_Write
 .text._StoreChar
                0x0001a688       0x84 _build/SEGGER_RTT_printf.o
 .text._PrintUnsigned
                0x0001a70c      0x15c _build/SEGGER_RTT_printf.o
 .text._PrintInt
                0x0001a868      0x13c _build/SEGGER_RTT_printf.o
 .text.SEGGER_RTT_vprintf
                0x0001a9a4      0x364 _build/SEGGER_RTT_printf.o
                0x0001a9a4                SEGGER_RTT_vprintf
 .text.SEGGER_RTT_printf
                0x0001ad08       0x34 _build/SEGGER_RTT_printf.o
                0x0001ad08                SEGGER_RTT_printf
 .text.SystemInit
                0x0001ad3c       0x44 _build/system_nrf51.o
                0x0001ad3c                SystemInit
 .text.is_manual_peripheral_setup_needed
                0x0001ad80       0x80 _build/system_nrf51.o
 .text.is_disabled_in_debug_needed
                0x0001ae00       0x4c _build/system_nrf51.o
 .text          0x0001ae4c       0x54 _build/gcc_startup_nrf51.o
                0x0001ae4c                Reset_Handler
                0x0001ae94                NMI_Handler
                0x0001ae96                HardFault_Handler
                0x0001ae98                SVC_Handler
                0x0001ae9a                PendSV_Handler
                0x0001ae9c                SysTick_Handler
                0x0001ae9e                TIMER2_IRQHandler
                0x0001ae9e                SPI0_TWI0_IRQHandler
                0x0001ae9e                RTC0_IRQHandler
                0x0001ae9e                POWER_CLOCK_IRQHandler
                0x0001ae9e                RADIO_IRQHandler
                0x0001ae9e                LPCOMP_IRQHandler
                0x0001ae9e                SWI4_IRQHandler
                0x0001ae9e                TEMP_IRQHandler
                0x0001ae9e                QDEC_IRQHandler
                0x0001ae9e                UART0_IRQHandler
                0x0001ae9e                SWI5_IRQHandler
                0x0001ae9e                TIMER0_IRQHandler
                0x0001ae9e                TIMER1_IRQHandler
                0x0001ae9e                ECB_IRQHandler
                0x0001ae9e                Default_Handler
                0x0001ae9e                ADC_IRQHandler
                0x0001ae9e                SWI3_IRQHandler
                0x0001ae9e                CCM_AAR_IRQHandler
                0x0001ae9e                WDT_IRQHandler
                0x0001ae9e                RNG_IRQHandler
                0x0001ae9e                SPI1_TWI1_IRQHandler
                0x0001ae9e                SWI1_IRQHandler
 .text          0x0001aea0       0x9c /usr/local/gcc-arm-none-eabi-4_8-2014q1/bin/../lib/gcc/arm-none-eabi/4.8.3/armv6-m/libgcc.a(_udivsi3.o)
                0x0001aea0                __udivsi3
                0x0001aea0                __aeabi_uidiv
                0x0001af28                __aeabi_uidivmod
 .text          0x0001af3c        0x4 /usr/local/gcc-arm-none-eabi-4_8-2014q1/bin/../lib/gcc/arm-none-eabi/4.8.3/armv6-m/libgcc.a(_dvmd_tls.o)
                0x0001af3c                __aeabi_ldiv0
                0x0001af3c                __aeabi_idiv0
 .text.exit     0x0001af40       0x20 /usr/local/gcc-arm-none-eabi-4_8-2014q1/bin/../lib/gcc/arm-none-eabi/4.8.3/../../../../arm-none-eabi/lib/armv6-m/libc.a(lib_a-exit.o)
                0x0001af40                exit
 .text.__libc_init_array
                0x0001af60       0x48 /usr/local/gcc-arm-none-eabi-4_8-2014q1/bin/../lib/gcc/arm-none-eabi/4.8.3/../../../../arm-none-eabi/lib/armv6-m/libc.a(lib_a-init.o)
                0x0001af60                __libc_init_array
 .text.memcpy   0x0001afa8       0x84 /usr/local/gcc-arm-none-eabi-4_8-2014q1/bin/../lib/gcc/arm-none-eabi/4.8.3/../../../../arm-none-eabi/lib/armv6-m/libc.a(lib_a-memcpy-stub.o)
                0x0001afa8                memcpy
 .text.memset   0x0001b02c       0x9c /usr/local/gcc-arm-none-eabi-4_8-2014q1/bin/../lib/gcc/arm-none-eabi/4.8.3/../../../../arm-none-eabi/lib/armv6-m/libc.a(lib_a-memset.o)
                0x0001b02c                memset
 .text.strncpy  0x0001b0c8       0x74 /usr/local/gcc-arm-none-eabi-4_8-2014q1/bin/../lib/gcc/arm-none-eabi/4.8.3/../../../../arm-none-eabi/lib/armv6-m/libc.a(lib_a-strncpy.o)
                0x0001b0c8                strncpy
 .text.__call_exitprocs
                0x0001b13c      0x118 /usr/local/gcc-arm-none-eabi-4_8-2014q1/bin/../lib/gcc/arm-none-eabi/4.8.3/../../../../arm-none-eabi/lib/armv6-m/libc.a(lib_a-__call_atexit.o)
                0x0001b13c                __call_exitprocs
 .text.atexit   0x0001b254       0x10 /usr/local/gcc-arm-none-eabi-4_8-2014q1/bin/../lib/gcc/arm-none-eabi/4.8.3/../../../../arm-none-eabi/lib/armv6-m/libc.a(lib_a-atexit.o)
                0x0001b254                atexit
 .text.__libc_fini_array
                0x0001b264       0x30 /usr/local/gcc-arm-none-eabi-4_8-2014q1/bin/../lib/gcc/arm-none-eabi/4.8.3/../../../../arm-none-eabi/lib/armv6-m/libc.a(lib_a-fini.o)
                0x0001b264                __libc_fini_array
 .text.__register_exitproc
                0x0001b294       0xc0 /usr/local/gcc-arm-none-eabi-4_8-2014q1/bin/../lib/gcc/arm-none-eabi/4.8.3/../../../../arm-none-eabi/lib/armv6-m/libc.a(lib_a-__atexit.o)
                0x0001b294                __register_exitproc
 .text._exit    0x0001b354        0x4 /usr/local/gcc-arm-none-eabi-4_8-2014q1/bin/../lib/gcc/arm-none-eabi/4.8.3/../../../../arm-none-eabi/lib/armv6-m/libnosys.a(_exit.o)
                0x0001b354                _exit
 *(.init)
 .init          0x0001b358        0x4 /usr/local/gcc-arm-none-eabi-4_8-2014q1/bin/../lib/gcc/arm-none-eabi/4.8.3/armv6-m/crti.o
                0x0001b358                _init
 .init          0x0001b35c        0x8 /usr/local/gcc-arm-none-eabi-4_8-2014q1/bin/../lib/gcc/arm-none-eabi/4.8.3/armv6-m/crtn.o
 *(.fini)
 .fini          0x0001b364        0x4 /usr/local/gcc-arm-none-eabi-4_8-2014q1/bin/../lib/gcc/arm-none-eabi/4.8.3/armv6-m/crti.o
                0x0001b364                _fini
 .fini          0x0001b368        0x8 /usr/local/gcc-arm-none-eabi-4_8-2014q1/bin/../lib/gcc/arm-none-eabi/4.8.3/armv6-m/crtn.o
 *crtbegin.o(.ctors)
 *crtbegin?.o(.ctors)
 *(EXCLUDE_FILE(*crtend.o *crtend?.o) .ctors)
 *(SORT(.ctors.*))
 *(.ctors)
 *crtbegin.o(.dtors)
 *crtbegin?.o(.dtors)
 *(EXCLUDE_FILE(*crtend.o *crtend?.o) .dtors)
 *(SORT(.dtors.*))
 *(.dtors)
 *(.rodata*)
 .rodata        0x0001b370      0x424 _build/main.o
 .rodata        0x0001b794       0xb4 _build/ble_cis.o
 .rodata        0x0001b848       0x28 _build/softdevice_handler.o
 .rodata        0x0001b870       0x1c _build/pstorage.o
 .rodata        0x0001b88c       0x20 _build/app_timer.o
 .rodata        0x0001b8ac        0xc _build/SEGGER_RTT.o
 .rodata        0x0001b8b8       0x10 _build/SEGGER_RTT_printf.o
 .rodata.str1.4
                0x0001b8c8        0x4 /usr/local/gcc-arm-none-eabi-4_8-2014q1/bin/../lib/gcc/arm-none-eabi/4.8.3/../../../../arm-none-eabi/lib/armv6-m/libc.a(lib_a-impure.o)
 .rodata._global_impure_ptr
                0x0001b8cc        0x4 /usr/local/gcc-arm-none-eabi-4_8-2014q1/bin/../lib/gcc/arm-none-eabi/4.8.3/../../../../arm-none-eabi/lib/armv6-m/libc.a(lib_a-impure.o)
                0x0001b8cc                _global_impure_ptr
 *(.eh_frame*)

.glue_7         0x0001b8d0        0x0
 .glue_7        0x00000000        0x0 linker stubs

.glue_7t        0x0001b8d0        0x0
 .glue_7t       0x00000000        0x0 linker stubs

.vfp11_veneer   0x0001b8d0        0x0
 .vfp11_veneer  0x00000000        0x0 linker stubs

.v4_bx          0x0001b8d0        0x0
 .v4_bx         0x00000000        0x0 linker stubs

.iplt           0x0001b8d0        0x0
 .iplt          0x00000000        0x0 /usr/local/gcc-arm-none-eabi-4_8-2014q1/bin/../lib/gcc/arm-none-eabi/4.8.3/armv6-m/crtbegin.o

.ARM.extab
 *(.ARM.extab* .gnu.linkonce.armextab.*)
                0x0001b8d0                __exidx_start = .

.ARM.exidx      0x0001b8d0        0x8
 *(.ARM.exidx* .gnu.linkonce.armexidx.*)
 .ARM.exidx     0x0001b8d0        0x8 /usr/local/gcc-arm-none-eabi-4_8-2014q1/bin/../lib/gcc/arm-none-eabi/4.8.3/../../../../arm-none-eabi/lib/armv6-m/crt0.o
 .ARM.exidx     0x0001b8d8        0x0 _build/gcc_startup_nrf51.o
                                  0x8 (size before relaxing)
                0x0001b8d8                __exidx_end = .
                0x0001b8d8                __etext = .

.rel.dyn        0x0001b8d8        0x0
 .rel.iplt      0x00000000        0x0 /usr/local/gcc-arm-none-eabi-4_8-2014q1/bin/../lib/gcc/arm-none-eabi/4.8.3/armv6-m/crtbegin.o

.data           0x20002000      0x4a8 load address 0x0001b8d8
                0x20002000                __data_start__ = .
 *(vtable)
 *(.data*)
 .data          0x20002000        0x2 _build/main.o
 *fill*         0x20002002        0x2 
 .data          0x20002004       0x78 _build/SEGGER_RTT.o
 *fill*         0x2000207c        0x4 
 .data.impure_data
                0x20002080      0x428 /usr/local/gcc-arm-none-eabi-4_8-2014q1/bin/../lib/gcc/arm-none-eabi/4.8.3/../../../../arm-none-eabi/lib/armv6-m/libc.a(lib_a-impure.o)
                0x200024a8                . = ALIGN (0x4)
                0x200024a8                PROVIDE (__preinit_array_start, .)
 *(.preinit_array)
                0x200024a8                PROVIDE (__preinit_array_end, .)
                0x200024a8                . = ALIGN (0x4)
                0x200024a8                PROVIDE (__init_array_start, .)
 *(SORT(.init_array.*))
 *(.init_array)
                0x200024a8                PROVIDE (__init_array_end, .)
                0x200024a8                . = ALIGN (0x4)
                0x200024a8                PROVIDE (__fini_array_start, .)
 *(SORT(.fini_array.*))
 *(.fini_array)
                0x200024a8                PROVIDE (__fini_array_end, .)
 *(.jcr)
                0x200024a8                . = ALIGN (0x4)
                0x200024a8                __data_end__ = .

.igot.plt       0x200024a8        0x0 load address 0x0001bd80
 .igot.plt      0x00000000        0x0 /usr/local/gcc-arm-none-eabi-4_8-2014q1/bin/../lib/gcc/arm-none-eabi/4.8.3/armv6-m/crtbegin.o

.bss            0x200024a8      0xbc8 load address 0x0001bd80
                0x200024a8                . = ALIGN (0x4)
                0x200024a8                __bss_start__ = .
 *(.bss*)
 .bss           0x200024a8      0x5b0 _build/main.o
 .bss           0x20002a58       0x14 _build/softdevice_handler.o
 .bss           0x20002a6c       0x88 _build/ble_debug_assert_handler.o
 .bss           0x20002af4       0x38 _build/ble_conn_params.o
 .bss           0x20002b2c       0xe8 _build/pstorage.o
 .bss           0x20002c14       0x2c _build/app_timer.o
 .bss           0x20002c40       0x10 _build/app_scheduler.o
 .bss           0x20002c50        0xc _build/app_gpiote.o
 .bss           0x20002c5c      0x414 _build/SEGGER_RTT.o
 *(COMMON)
                0x20003070                . = ALIGN (0x4)
                0x20003070                __bss_end__ = .

.heap           0x20003070        0x0
                0x20003070                __end__ = .
                0x20003070                end = __end__
 *(.heap*)
 .heap          0x20003070        0x0 _build/gcc_startup_nrf51.o
                0x20003070                __HeapLimit = .

.stack_dummy    0x20003070      0x800
 *(.stack*)
 .stack         0x20003070      0x800 _build/gcc_startup_nrf51.o
                0x20004000                __StackTop = (ORIGIN (RAM) + 0x2000)
                0x20003800                __StackLimit = (__StackTop - SIZEOF (.stack_dummy))
                0x20004000                PROVIDE (__stack, __StackTop)
                0x00000001                ASSERT ((__StackLimit >= __HeapLimit), region RAM overflowed with stack)
OUTPUT(_build/Coffee_s110_xxaa.out elf32-littlearm)

.ARM.attributes
                0x00000000       0x28
 .ARM.attributes
                0x00000000       0x1e /usr/local/gcc-arm-none-eabi-4_8-2014q1/bin/../lib/gcc/arm-none-eabi/4.8.3/armv6-m/crti.o
 .ARM.attributes
                0x0000001e       0x1b /usr/local/gcc-arm-none-eabi-4_8-2014q1/bin/../lib/gcc/arm-none-eabi/4.8.3/../../../../arm-none-eabi/lib/armv6-m/crt0.o
 .ARM.attributes
                0x00000039       0x31 _build/main.o
 .ARM.attributes
                0x0000006a       0x31 _build/ble_cis.o
 .ARM.attributes
                0x0000009b       0x31 _build/ble_advdata.o
 .ARM.attributes
                0x000000cc       0x31 _build/softdevice_handler.o
 .ARM.attributes
                0x000000fd       0x31 _build/ble_debug_assert_handler.o
 .ARM.attributes
                0x0000012e       0x31 _build/ble_conn_params.o
 .ARM.attributes
                0x0000015f       0x31 _build/pstorage.o
 .ARM.attributes
                0x00000190       0x31 _build/app_timer.o
 .ARM.attributes
                0x000001c1       0x31 _build/app_scheduler.o
 .ARM.attributes
                0x000001f2       0x31 _build/app_gpiote.o
 .ARM.attributes
                0x00000223       0x31 _build/SEGGER_RTT.o
 .ARM.attributes
                0x00000254       0x31 _build/SEGGER_RTT_printf.o
 .ARM.attributes
                0x00000285       0x31 _build/system_nrf51.o
 .ARM.attributes
                0x000002b6       0x1b _build/gcc_startup_nrf51.o
 .ARM.attributes
                0x000002d1       0x1e /usr/local/gcc-arm-none-eabi-4_8-2014q1/bin/../lib/gcc/arm-none-eabi/4.8.3/armv6-m/libgcc.a(_udivsi3.o)
 .ARM.attributes
                0x000002ef       0x1e /usr/local/gcc-arm-none-eabi-4_8-2014q1/bin/../lib/gcc/arm-none-eabi/4.8.3/armv6-m/libgcc.a(_dvmd_tls.o)
 .ARM.attributes
                0x0000030d       0x2c /usr/local/gcc-arm-none-eabi-4_8-2014q1/bin/../lib/gcc/arm-none-eabi/4.8.3/../../../../arm-none-eabi/lib/armv6-m/libc.a(lib_a-exit.o)
 .ARM.attributes
                0x00000339       0x2c /usr/local/gcc-arm-none-eabi-4_8-2014q1/bin/../lib/gcc/arm-none-eabi/4.8.3/../../../../arm-none-eabi/lib/armv6-m/libc.a(lib_a-impure.o)
 .ARM.attributes
                0x00000365       0x2c /usr/local/gcc-arm-none-eabi-4_8-2014q1/bin/../lib/gcc/arm-none-eabi/4.8.3/../../../../arm-none-eabi/lib/armv6-m/libc.a(lib_a-init.o)
 .ARM.attributes
                0x00000391       0x2c /usr/local/gcc-arm-none-eabi-4_8-2014q1/bin/../lib/gcc/arm-none-eabi/4.8.3/../../../../arm-none-eabi/lib/armv6-m/libc.a(lib_a-memcpy-stub.o)
 .ARM.attributes
                0x000003bd       0x2c /usr/local/gcc-arm-none-eabi-4_8-2014q1/bin/../lib/gcc/arm-none-eabi/4.8.3/../../../../arm-none-eabi/lib/armv6-m/libc.a(lib_a-memset.o)
 .ARM.attributes
                0x000003e9       0x2c /usr/local/gcc-arm-none-eabi-4_8-2014q1/bin/../lib/gcc/arm-none-eabi/4.8.3/../../../../arm-none-eabi/lib/armv6-m/libc.a(lib_a-strncpy.o)
 .ARM.attributes
                0x00000415       0x2c /usr/local/gcc-arm-none-eabi-4_8-2014q1/bin/../lib/gcc/arm-none-eabi/4.8.3/../../../../arm-none-eabi/lib/armv6-m/libc.a(lib_a-__call_atexit.o)
 .ARM.attributes
                0x00000441       0x2c /usr/local/gcc-arm-none-eabi-4_8-2014q1/bin/../lib/gcc/arm-none-eabi/4.8.3/../../../../arm-none-eabi/lib/armv6-m/libc.a(lib_a-atexit.o)
 .ARM.attributes
                0x0000046d       0x2c /usr/local/gcc-arm-none-eabi-4_8-2014q1/bin/../lib/gcc/arm-none-eabi/4.8.3/../../../../arm-none-eabi/lib/armv6-m/libc.a(lib_a-fini.o)
 .ARM.attributes
                0x00000499       0x2c /usr/local/gcc-arm-none-eabi-4_8-2014q1/bin/../lib/gcc/arm-none-eabi/4.8.3/../../../../arm-none-eabi/lib/armv6-m/libc.a(lib_a-__atexit.o)
 .ARM.attributes
                0x000004c5       0x1e /usr/local/gcc-arm-none-eabi-4_8-2014q1/bin/../lib/gcc/arm-none-eabi/4.8.3/armv6-m/crtn.o
 .ARM.attributes
                0x000004e3       0x2c /usr/local/gcc-arm-none-eabi-4_8-2014q1/bin/../lib/gcc/arm-none-eabi/4.8.3/../../../../arm-none-eabi/lib/armv6-m/libnosys.a(_exit.o)

.comment        0x00000000       0x70
 .comment       0x00000000       0x70 _build/main.o
                                 0x71 (size before relaxing)
 .comment       0x00000000       0x71 _build/ble_cis.o
 .comment       0x00000000       0x71 _build/ble_advdata.o
 .comment       0x00000000       0x71 _build/softdevice_handler.o
 .comment       0x00000000       0x71 _build/ble_debug_assert_handler.o
 .comment       0x00000000       0x71 _build/ble_conn_params.o
 .comment       0x00000000       0x71 _build/pstorage.o
 .comment       0x00000000       0x71 _build/app_timer.o
 .comment       0x00000000       0x71 _build/app_scheduler.o
 .comment       0x00000000       0x71 _build/app_gpiote.o
 .comment       0x00000000       0x71 _build/SEGGER_RTT.o
 .comment       0x00000000       0x71 _build/SEGGER_RTT_printf.o
 .comment       0x00000000       0x71 _build/system_nrf51.o

.debug_info     0x00000000    0x14fd2
 .debug_info    0x00000000     0x43e5 _build/main.o
 .debug_info    0x000043e5     0x2837 _build/ble_cis.o
 .debug_info    0x00006c1c     0x20d5 _build/ble_advdata.o
 .debug_info    0x00008cf1     0x3626 _build/softdevice_handler.o
 .debug_info    0x0000c317      0x175 _build/ble_debug_assert_handler.o
 .debug_info    0x0000c48c     0x2a69 _build/ble_conn_params.o
 .debug_info    0x0000eef5     0x1927 _build/pstorage.o
 .debug_info    0x0001081c     0x1f4e _build/app_timer.o
 .debug_info    0x0001276a     0x1353 _build/app_scheduler.o
 .debug_info    0x00013abd      0x9c9 _build/app_gpiote.o
 .debug_info    0x00014486      0x52c _build/SEGGER_RTT.o
 .debug_info    0x000149b2      0x3f1 _build/SEGGER_RTT_printf.o
 .debug_info    0x00014da3      0x1b1 _build/system_nrf51.o
 .debug_info    0x00014f54       0x7e _build/gcc_startup_nrf51.o

.debug_abbrev   0x00000000     0x1e75
 .debug_abbrev  0x00000000      0x390 _build/main.o
 .debug_abbrev  0x00000390      0x29e _build/ble_cis.o
 .debug_abbrev  0x0000062e      0x288 _build/ble_advdata.o
 .debug_abbrev  0x000008b6      0x311 _build/softdevice_handler.o
 .debug_abbrev  0x00000bc7       0xb9 _build/ble_debug_assert_handler.o
 .debug_abbrev  0x00000c80      0x33d _build/ble_conn_params.o
 .debug_abbrev  0x00000fbd      0x278 _build/pstorage.o
 .debug_abbrev  0x00001235      0x367 _build/app_timer.o
 .debug_abbrev  0x0000159c      0x252 _build/app_scheduler.o
 .debug_abbrev  0x000017ee      0x24f _build/app_gpiote.o
 .debug_abbrev  0x00001a3d      0x1a9 _build/SEGGER_RTT.o
 .debug_abbrev  0x00001be6      0x187 _build/SEGGER_RTT_printf.o
 .debug_abbrev  0x00001d6d       0xf4 _build/system_nrf51.o
 .debug_abbrev  0x00001e61       0x14 _build/gcc_startup_nrf51.o

.debug_aranges  0x00000000     0x1790
 .debug_aranges
                0x00000000      0x490 _build/main.o
 .debug_aranges
                0x00000490      0x1f8 _build/ble_cis.o
 .debug_aranges
                0x00000688      0x240 _build/ble_advdata.o
 .debug_aranges
                0x000008c8      0x3c0 _build/softdevice_handler.o
 .debug_aranges
                0x00000c88       0x20 _build/ble_debug_assert_handler.o
 .debug_aranges
                0x00000ca8      0x230 _build/ble_conn_params.o
 .debug_aranges
                0x00000ed8      0x238 _build/pstorage.o
 .debug_aranges
                0x00001110      0x300 _build/app_timer.o
 .debug_aranges
                0x00001410      0x1f0 _build/app_scheduler.o
 .debug_aranges
                0x00001600       0x78 _build/app_gpiote.o
 .debug_aranges
                0x00001678       0x80 _build/SEGGER_RTT.o
 .debug_aranges
                0x000016f8       0x40 _build/SEGGER_RTT_printf.o
 .debug_aranges
                0x00001738       0x38 _build/system_nrf51.o
 .debug_aranges
                0x00001770       0x20 _build/gcc_startup_nrf51.o

.debug_ranges   0x00000000     0x16e8
 .debug_ranges  0x00000000      0x480 _build/main.o
 .debug_ranges  0x00000480      0x1e8 _build/ble_cis.o
 .debug_ranges  0x00000668      0x230 _build/ble_advdata.o
 .debug_ranges  0x00000898      0x3b0 _build/softdevice_handler.o
 .debug_ranges  0x00000c48       0x10 _build/ble_debug_assert_handler.o
 .debug_ranges  0x00000c58      0x238 _build/ble_conn_params.o
 .debug_ranges  0x00000e90      0x258 _build/pstorage.o
 .debug_ranges  0x000010e8      0x2f0 _build/app_timer.o
 .debug_ranges  0x000013d8      0x1e0 _build/app_scheduler.o
 .debug_ranges  0x000015b8       0x68 _build/app_gpiote.o
 .debug_ranges  0x00001620       0x70 _build/SEGGER_RTT.o
 .debug_ranges  0x00001690       0x30 _build/SEGGER_RTT_printf.o
 .debug_ranges  0x000016c0       0x28 _build/system_nrf51.o

.debug_macro    0x00000000     0xcca1
 .debug_macro   0x00000000      0x4a8 _build/main.o
 .debug_macro   0x000004a8      0x832 _build/main.o
 .debug_macro   0x00000cda       0x16 _build/main.o
 .debug_macro   0x00000cf0       0x44 _build/main.o
 .debug_macro   0x00000d34      0x209 _build/main.o
 .debug_macro   0x00000f3d       0x58 _build/main.o
 .debug_macro   0x00000f95       0x35 _build/main.o
 .debug_macro   0x00000fca       0xa3 _build/main.o
 .debug_macro   0x0000106d      0x166 _build/main.o
 .debug_macro   0x000011d3       0x52 _build/main.o
 .debug_macro   0x00001225       0x16 _build/main.o
 .debug_macro   0x0000123b       0x43 _build/main.o
 .debug_macro   0x0000127e      0x180 _build/main.o
 .debug_macro   0x000013fe      0x2a6 _build/main.o
 .debug_macro   0x000016a4       0x10 _build/main.o
 .debug_macro   0x000016b4       0x35 _build/main.o
 .debug_macro   0x000016e9       0x1f _build/main.o
 .debug_macro   0x00001708       0xf4 _build/main.o
 .debug_macro   0x000017fc       0x22 _build/main.o
 .debug_macro   0x0000181e       0x3a _build/main.o
 .debug_macro   0x00001858       0x1f _build/main.o
 .debug_macro   0x00001877      0x242 _build/main.o
 .debug_macro   0x00001ab9      0x1d2 _build/main.o
 .debug_macro   0x00001c8b     0x746b _build/main.o
 .debug_macro   0x000090f6      0x976 _build/main.o
 .debug_macro   0x00009a6c       0x10 _build/main.o
 .debug_macro   0x00009a7c       0x22 _build/main.o
 .debug_macro   0x00009a9e       0x8e _build/main.o
 .debug_macro   0x00009b2c       0x16 _build/main.o
 .debug_macro   0x00009b42       0xd6 _build/main.o
 .debug_macro   0x00009c18      0x1e1 _build/main.o
 .debug_macro   0x00009df9       0x10 _build/main.o
 .debug_macro   0x00009e09      0x308 _build/main.o
 .debug_macro   0x0000a111       0x34 _build/main.o
 .debug_macro   0x0000a145       0x22 _build/main.o
 .debug_macro   0x0000a167      0x1d5 _build/main.o
 .debug_macro   0x0000a33c       0x16 _build/main.o
 .debug_macro   0x0000a352       0xb8 _build/main.o
 .debug_macro   0x0000a40a       0xe8 _build/main.o
 .debug_macro   0x0000a4f2       0x28 _build/main.o
 .debug_macro   0x0000a51a       0xa6 _build/main.o
 .debug_macro   0x0000a5c0       0x22 _build/main.o
 .debug_macro   0x0000a5e2      0x245 _build/main.o
 .debug_macro   0x0000a827      0x130 _build/main.o
 .debug_macro   0x0000a957       0x16 _build/main.o
 .debug_macro   0x0000a96d       0x16 _build/main.o
 .debug_macro   0x0000a983       0x16 _build/main.o
 .debug_macro   0x0000a999       0x29 _build/main.o
 .debug_macro   0x0000a9c2       0x46 _build/main.o
 .debug_macro   0x0000aa08       0x64 _build/main.o
 .debug_macro   0x0000aa6c       0x1c _build/main.o
 .debug_macro   0x0000aa88       0x16 _build/main.o
 .debug_macro   0x0000aa9e       0x10 _build/main.o
 .debug_macro   0x0000aaae       0x16 _build/main.o
 .debug_macro   0x0000aac4       0x1c _build/main.o
 .debug_macro   0x0000aae0       0x10 _build/main.o
 .debug_macro   0x0000aaf0       0x10 _build/main.o
 .debug_macro   0x0000ab00       0x22 _build/main.o
 .debug_macro   0x0000ab22       0xbd _build/main.o
 .debug_macro   0x0000abdf       0x16 _build/main.o
 .debug_macro   0x0000abf5      0x16c _build/main.o
 .debug_macro   0x0000ad61       0x41 _build/main.o
 .debug_macro   0x0000ada2       0x22 _build/main.o
 .debug_macro   0x0000adc4       0x16 _build/main.o
 .debug_macro   0x0000adda       0x22 _build/main.o
 .debug_macro   0x0000adfc       0x2e _build/main.o
 .debug_macro   0x0000ae2a       0x46 _build/main.o
 .debug_macro   0x0000ae70       0x22 _build/main.o
 .debug_macro   0x0000ae92       0x1c _build/main.o
 .debug_macro   0x0000aeae      0x1cb _build/ble_cis.o
 .debug_macro   0x0000b079      0x1d2 _build/ble_advdata.o
 .debug_macro   0x0000b24b      0x262 _build/softdevice_handler.o
 .debug_macro   0x0000b4ad      0x10e _build/softdevice_handler.o
 .debug_macro   0x0000b5bb       0x7f _build/softdevice_handler.o
 .debug_macro   0x0000b63a       0x4a _build/softdevice_handler.o
 .debug_macro   0x0000b684      0x20f _build/softdevice_handler.o
 .debug_macro   0x0000b893       0x40 _build/softdevice_handler.o
 .debug_macro   0x0000b8d3      0x30e _build/softdevice_handler.o
 .debug_macro   0x0000bbe1       0x3a _build/softdevice_handler.o
 .debug_macro   0x0000bc1b       0x10 _build/softdevice_handler.o
 .debug_macro   0x0000bc2b       0x10 _build/softdevice_handler.o
 .debug_macro   0x0000bc3b      0x163 _build/ble_debug_assert_handler.o
 .debug_macro   0x0000bd9e      0x243 _build/ble_conn_params.o
 .debug_macro   0x0000bfe1       0x1c _build/ble_conn_params.o
 .debug_macro   0x0000bffd      0x25e _build/pstorage.o
 .debug_macro   0x0000c25b       0x40 _build/pstorage.o
 .debug_macro   0x0000c29b      0x27d _build/app_timer.o
 .debug_macro   0x0000c518       0x28 _build/app_timer.o
 .debug_macro   0x0000c540      0x20b _build/app_scheduler.o
 .debug_macro   0x0000c74b       0x22 _build/app_scheduler.o
 .debug_macro   0x0000c76d      0x1f4 _build/app_gpiote.o
 .debug_macro   0x0000c961       0xf4 _build/SEGGER_RTT.o
 .debug_macro   0x0000ca55       0x34 _build/SEGGER_RTT.o
 .debug_macro   0x0000ca89      0x102 _build/SEGGER_RTT_printf.o
 .debug_macro   0x0000cb8b       0x58 _build/SEGGER_RTT_printf.o
 .debug_macro   0x0000cbe3       0xbe _build/system_nrf51.o

.debug_line     0x00000000     0x725a
 .debug_line    0x00000000     0x12db _build/main.o
 .debug_line    0x000012db      0x86a _build/ble_cis.o
 .debug_line    0x00001b45      0xa0c _build/ble_advdata.o
 .debug_line    0x00002551      0xd21 _build/softdevice_handler.o
 .debug_line    0x00003272      0x36e _build/ble_debug_assert_handler.o
 .debug_line    0x000035e0      0x968 _build/ble_conn_params.o
 .debug_line    0x00003f48      0xcbc _build/pstorage.o
 .debug_line    0x00004c04      0xcfc _build/app_timer.o
 .debug_line    0x00005900      0x8e4 _build/app_scheduler.o
 .debug_line    0x000061e4      0x561 _build/app_gpiote.o
 .debug_line    0x00006745      0x410 _build/SEGGER_RTT.o
 .debug_line    0x00006b55      0x3aa _build/SEGGER_RTT_printf.o
 .debug_line    0x00006eff      0x2d0 _build/system_nrf51.o
 .debug_line    0x000071cf       0x8b _build/gcc_startup_nrf51.o

.debug_str      0x00000000    0x3f0f9
 .debug_str     0x00000000    0x3c6a8 _build/main.o
                              0x3cbf3 (size before relaxing)
 .debug_str     0x0003c6a8       0x9e _build/ble_cis.o
                               0xc623 (size before relaxing)
 .debug_str     0x0003c746      0x283 _build/ble_advdata.o
                               0xbf22 (size before relaxing)
 .debug_str     0x0003c9c9      0x259 _build/softdevice_handler.o
                              0x34c2b (size before relaxing)
 .debug_str     0x0003cc22       0x8b _build/ble_debug_assert_handler.o
                               0x70dd (size before relaxing)
 .debug_str     0x0003ccad      0x1a8 _build/ble_conn_params.o
                               0xcfdd (size before relaxing)
 .debug_str     0x0003ce55      0xb66 _build/pstorage.o
                              0x33b51 (size before relaxing)
 .debug_str     0x0003d9bb      0xc61 _build/app_timer.o
                              0x3397e (size before relaxing)
 .debug_str     0x0003e61c      0x234 _build/app_scheduler.o
                              0x30164 (size before relaxing)
 .debug_str     0x0003e850      0x223 _build/app_gpiote.o
                              0x31f97 (size before relaxing)
 .debug_str     0x0003ea73      0x335 _build/SEGGER_RTT.o
                               0x5266 (size before relaxing)
 .debug_str     0x0003eda8      0x256 _build/SEGGER_RTT_printf.o
                               0x4480 (size before relaxing)
 .debug_str     0x0003effe       0xfb _build/system_nrf51.o
                              0x2ea2f (size before relaxing)

.debug_frame    0x00000000     0x3a24
 .debug_frame   0x00000000      0xb10 _build/main.o
 .debug_frame   0x00000b10      0x430 _build/ble_cis.o
 .debug_frame   0x00000f40      0x550 _build/ble_advdata.o
 .debug_frame   0x00001490      0x7e0 _build/softdevice_handler.o
 .debug_frame   0x00001c70       0x30 _build/ble_debug_assert_handler.o
 .debug_frame   0x00001ca0      0x50c _build/ble_conn_params.o
 .debug_frame   0x000021ac      0x564 _build/pstorage.o
 .debug_frame   0x00002710      0x864 _build/app_timer.o
 .debug_frame   0x00002f74      0x440 _build/app_scheduler.o
 .debug_frame   0x000033b4      0x194 _build/app_gpiote.o
 .debug_frame   0x00003548      0x1a8 _build/SEGGER_RTT.o
 .debug_frame   0x000036f0       0xb0 _build/SEGGER_RTT_printf.o
 .debug_frame   0x000037a0       0x80 _build/system_nrf51.o
 .debug_frame   0x00003820       0x20 /usr/local/gcc-arm-none-eabi-4_8-2014q1/bin/../lib/gcc/arm-none-eabi/4.8.3/armv6-m/libgcc.a(_udivsi3.o)
 .debug_frame   0x00003840       0x28 /usr/local/gcc-arm-none-eabi-4_8-2014q1/bin/../lib/gcc/arm-none-eabi/4.8.3/../../../../arm-none-eabi/lib/armv6-m/libc.a(lib_a-exit.o)
 .debug_frame   0x00003868       0x2c /usr/local/gcc-arm-none-eabi-4_8-2014q1/bin/../lib/gcc/arm-none-eabi/4.8.3/../../../../arm-none-eabi/lib/armv6-m/libc.a(lib_a-init.o)
 .debug_frame   0x00003894       0x30 /usr/local/gcc-arm-none-eabi-4_8-2014q1/bin/../lib/gcc/arm-none-eabi/4.8.3/../../../../arm-none-eabi/lib/armv6-m/libc.a(lib_a-memcpy-stub.o)
 .debug_frame   0x000038c4       0x30 /usr/local/gcc-arm-none-eabi-4_8-2014q1/bin/../lib/gcc/arm-none-eabi/4.8.3/../../../../arm-none-eabi/lib/armv6-m/libc.a(lib_a-memset.o)
 .debug_frame   0x000038f4       0x30 /usr/local/gcc-arm-none-eabi-4_8-2014q1/bin/../lib/gcc/arm-none-eabi/4.8.3/../../../../arm-none-eabi/lib/armv6-m/libc.a(lib_a-strncpy.o)
 .debug_frame   0x00003924       0x54 /usr/local/gcc-arm-none-eabi-4_8-2014q1/bin/../lib/gcc/arm-none-eabi/4.8.3/../../../../arm-none-eabi/lib/armv6-m/libc.a(lib_a-__call_atexit.o)
 .debug_frame   0x00003978       0x28 /usr/local/gcc-arm-none-eabi-4_8-2014q1/bin/../lib/gcc/arm-none-eabi/4.8.3/../../../../arm-none-eabi/lib/armv6-m/libc.a(lib_a-atexit.o)
 .debug_frame   0x000039a0       0x2c /usr/local/gcc-arm-none-eabi-4_8-2014q1/bin/../lib/gcc/arm-none-eabi/4.8.3/../../../../arm-none-eabi/lib/armv6-m/libc.a(lib_a-fini.o)
 .debug_frame   0x000039cc       0x38 /usr/local/gcc-arm-none-eabi-4_8-2014q1/bin/../lib/gcc/arm-none-eabi/4.8.3/../../../../arm-none-eabi/lib/armv6-m/libc.a(lib_a-__atexit.o)
 .debug_frame   0x00003a04       0x20 /usr/local/gcc-arm-none-eabi-4_8-2014q1/bin/../lib/gcc/arm-none-eabi/4.8.3/../../../../arm-none-eabi/lib/armv6-m/libnosys.a(_exit.o)
