Archive member included because of file (symbol)

/usr/local/gcc-arm-none-eabi-4_8-2014q1/bin/../lib/gcc/arm-none-eabi/4.8.3/armv6-m/libgcc.a(_udivsi3.o)
                              _build/pstorage.o (__aeabi_uidiv)
/usr/local/gcc-arm-none-eabi-4_8-2014q1/bin/../lib/gcc/arm-none-eabi/4.8.3/armv6-m/libgcc.a(_dvmd_tls.o)
                              /usr/local/gcc-arm-none-eabi-4_8-2014q1/bin/../lib/gcc/arm-none-eabi/4.8.3/armv6-m/libgcc.a(_udivsi3.o) (__aeabi_idiv0)
/usr/local/gcc-arm-none-eabi-4_8-2014q1/bin/../lib/gcc/arm-none-eabi/4.8.3/../../../../arm-none-eabi/lib/armv6-m/libc.a(lib_a-exit.o)
                              /usr/local/gcc-arm-none-eabi-4_8-2014q1/bin/../lib/gcc/arm-none-eabi/4.8.3/../../../../arm-none-eabi/lib/armv6-m/crt0.o (exit)
/usr/local/gcc-arm-none-eabi-4_8-2014q1/bin/../lib/gcc/arm-none-eabi/4.8.3/../../../../arm-none-eabi/lib/armv6-m/libc.a(lib_a-impure.o)
                              /usr/local/gcc-arm-none-eabi-4_8-2014q1/bin/../lib/gcc/arm-none-eabi/4.8.3/../../../../arm-none-eabi/lib/armv6-m/libc.a(lib_a-exit.o) (_global_impure_ptr)
/usr/local/gcc-arm-none-eabi-4_8-2014q1/bin/../lib/gcc/arm-none-eabi/4.8.3/../../../../arm-none-eabi/lib/armv6-m/libc.a(lib_a-init.o)
                              /usr/local/gcc-arm-none-eabi-4_8-2014q1/bin/../lib/gcc/arm-none-eabi/4.8.3/../../../../arm-none-eabi/lib/armv6-m/crt0.o (__libc_init_array)
/usr/local/gcc-arm-none-eabi-4_8-2014q1/bin/../lib/gcc/arm-none-eabi/4.8.3/../../../../arm-none-eabi/lib/armv6-m/libc.a(lib_a-memcpy-stub.o)
                              _build/main.o (memcpy)
/usr/local/gcc-arm-none-eabi-4_8-2014q1/bin/../lib/gcc/arm-none-eabi/4.8.3/../../../../arm-none-eabi/lib/armv6-m/libc.a(lib_a-memset.o)
                              /usr/local/gcc-arm-none-eabi-4_8-2014q1/bin/../lib/gcc/arm-none-eabi/4.8.3/../../../../arm-none-eabi/lib/armv6-m/crt0.o (memset)
/usr/local/gcc-arm-none-eabi-4_8-2014q1/bin/../lib/gcc/arm-none-eabi/4.8.3/../../../../arm-none-eabi/lib/armv6-m/libc.a(lib_a-strlen.o)
                              _build/ble_srv_common.o (strlen)
/usr/local/gcc-arm-none-eabi-4_8-2014q1/bin/../lib/gcc/arm-none-eabi/4.8.3/../../../../arm-none-eabi/lib/armv6-m/libc.a(lib_a-strncpy.o)
                              _build/ble_debug_assert_handler.o (strncpy)
/usr/local/gcc-arm-none-eabi-4_8-2014q1/bin/../lib/gcc/arm-none-eabi/4.8.3/../../../../arm-none-eabi/lib/armv6-m/libc.a(lib_a-__call_atexit.o)
                              /usr/local/gcc-arm-none-eabi-4_8-2014q1/bin/../lib/gcc/arm-none-eabi/4.8.3/../../../../arm-none-eabi/lib/armv6-m/libc.a(lib_a-exit.o) (__call_exitprocs)
/usr/local/gcc-arm-none-eabi-4_8-2014q1/bin/../lib/gcc/arm-none-eabi/4.8.3/../../../../arm-none-eabi/lib/armv6-m/libc.a(lib_a-atexit.o)
                              /usr/local/gcc-arm-none-eabi-4_8-2014q1/bin/../lib/gcc/arm-none-eabi/4.8.3/../../../../arm-none-eabi/lib/armv6-m/libc.a(lib_a-__call_atexit.o) (atexit)
/usr/local/gcc-arm-none-eabi-4_8-2014q1/bin/../lib/gcc/arm-none-eabi/4.8.3/../../../../arm-none-eabi/lib/armv6-m/libc.a(lib_a-fini.o)
                              /usr/local/gcc-arm-none-eabi-4_8-2014q1/bin/../lib/gcc/arm-none-eabi/4.8.3/../../../../arm-none-eabi/lib/armv6-m/libc.a(lib_a-__call_atexit.o) (__libc_fini_array)
/usr/local/gcc-arm-none-eabi-4_8-2014q1/bin/../lib/gcc/arm-none-eabi/4.8.3/../../../../arm-none-eabi/lib/armv6-m/libc.a(lib_a-__atexit.o)
                              /usr/local/gcc-arm-none-eabi-4_8-2014q1/bin/../lib/gcc/arm-none-eabi/4.8.3/../../../../arm-none-eabi/lib/armv6-m/libc.a(lib_a-atexit.o) (__register_exitproc)
/usr/local/gcc-arm-none-eabi-4_8-2014q1/bin/../lib/gcc/arm-none-eabi/4.8.3/../../../../arm-none-eabi/lib/armv6-m/libnosys.a(_exit.o)
                              /usr/local/gcc-arm-none-eabi-4_8-2014q1/bin/../lib/gcc/arm-none-eabi/4.8.3/../../../../arm-none-eabi/lib/armv6-m/libc.a(lib_a-exit.o) (_exit)

Discarded input sections

 .text          0x00000000        0x0 /usr/local/gcc-arm-none-eabi-4_8-2014q1/bin/../lib/gcc/arm-none-eabi/4.8.3/armv6-m/crti.o
 .data          0x00000000        0x0 /usr/local/gcc-arm-none-eabi-4_8-2014q1/bin/../lib/gcc/arm-none-eabi/4.8.3/armv6-m/crti.o
 .bss           0x00000000        0x0 /usr/local/gcc-arm-none-eabi-4_8-2014q1/bin/../lib/gcc/arm-none-eabi/4.8.3/armv6-m/crti.o
 .text          0x00000000       0x60 /usr/local/gcc-arm-none-eabi-4_8-2014q1/bin/../lib/gcc/arm-none-eabi/4.8.3/armv6-m/crtbegin.o
 .data          0x00000000        0x4 /usr/local/gcc-arm-none-eabi-4_8-2014q1/bin/../lib/gcc/arm-none-eabi/4.8.3/armv6-m/crtbegin.o
 .bss           0x00000000       0x1c /usr/local/gcc-arm-none-eabi-4_8-2014q1/bin/../lib/gcc/arm-none-eabi/4.8.3/armv6-m/crtbegin.o
 .init_array    0x00000000        0x4 /usr/local/gcc-arm-none-eabi-4_8-2014q1/bin/../lib/gcc/arm-none-eabi/4.8.3/armv6-m/crtbegin.o
 .fini_array    0x00000000        0x4 /usr/local/gcc-arm-none-eabi-4_8-2014q1/bin/../lib/gcc/arm-none-eabi/4.8.3/armv6-m/crtbegin.o
[...]
Memory Configuration

Name             Origin             Length             Attributes
FLASH            0x00016000         0x0002a000         xr
RAM              0x20002000         0x00002000         xrw
*default*        0x00000000         0xffffffff

Linker script and memory map

LOAD /usr/local/gcc-arm-none-eabi-4_8-2014q1/bin/../lib/gcc/arm-none-eabi/4.8.3/armv6-m/crti.o
LOAD /usr/local/gcc-arm-none-eabi-4_8-2014q1/bin/../lib/gcc/arm-none-eabi/4.8.3/armv6-m/crtbegin.o
LOAD /usr/local/gcc-arm-none-eabi-4_8-2014q1/bin/../lib/gcc/arm-none-eabi/4.8.3/../../../../arm-none-eabi/lib/armv6-m/crt0.o
LOAD _build/main.o
LOAD _build/ble_srv_common.o
LOAD _build/ble_cis.o
LOAD _build/ble_advdata.o
LOAD _build/ble_sensorsim.o
LOAD _build/softdevice_handler.o
LOAD _build/ble_debug_assert_handler.o
LOAD _build/ble_error_log.o
LOAD _build/ble_conn_params.o
LOAD _build/pstorage.o
LOAD _build/crc16.o
LOAD _build/app_timer.o
LOAD _build/app_scheduler.o
LOAD _build/app_button.o
LOAD _build/app_gpiote.o
LOAD _build/simple_uart.o
LOAD _build/SEGGER_RTT.o
LOAD _build/SEGGER_RTT_printf.o
LOAD _build/system_nrf51.o
LOAD _build/gcc_startup_nrf51.o
START GROUP
LOAD /usr/local/gcc-arm-none-eabi-4_8-2014q1/bin/../lib/gcc/arm-none-eabi/4.8.3/armv6-m/libgcc.a
LOAD /usr/local/gcc-arm-none-eabi-4_8-2014q1/bin/../lib/gcc/arm-none-eabi/4.8.3/../../../../arm-none-eabi/lib/armv6-m/libc.a
END GROUP
LOAD /usr/local/gcc-arm-none-eabi-4_8-2014q1/bin/../lib/gcc/arm-none-eabi/4.8.3/armv6-m/crtend.o
LOAD /usr/local/gcc-arm-none-eabi-4_8-2014q1/bin/../lib/gcc/arm-none-eabi/4.8.3/armv6-m/crtn.o
START GROUP
LOAD /usr/local/gcc-arm-none-eabi-4_8-2014q1/bin/../lib/gcc/arm-none-eabi/4.8.3/armv6-m/libgcc.a
LOAD /usr/local/gcc-arm-none-eabi-4_8-2014q1/bin/../lib/gcc/arm-none-eabi/4.8.3/../../../../arm-none-eabi/lib/armv6-m/libc.a
LOAD /usr/local/gcc-arm-none-eabi-4_8-2014q1/bin/../lib/gcc/arm-none-eabi/4.8.3/../../../../arm-none-eabi/lib/armv6-m/libnosys.a
END GROUP

.text           0x00016000     0x5b5c
 *(.Vectors)
 .Vectors       0x00016000       0xc0 _build/gcc_startup_nrf51.o
                0x00016000                __Vectors
 *(.text*)
 .text          0x000160c0       0x78 /usr/local/gcc-arm-none-eabi-4_8-2014q1/bin/../lib/gcc/arm-none-eabi/4.8.3/../../../../arm-none-eabi/lib/armv6-m/crt0.o
                0x000160c0                _mainCRTStartup
                0x000160c0                _start
 .text.NVIC_EnableIRQ
                0x00016138       0x2c _build/main.o
 .text.NVIC_SetPriority
                0x00016164       0xe0 _build/main.o
 .text.nrf_gpio_cfg_output
                0x00016244       0x20 _build/main.o
 .text.nrf_gpio_cfg_input
                0x00016264       0x2c _build/main.o
 .text.nrf_gpio_pin_set
                0x00016290       0x20 _build/main.o
 .text.nrf_gpio_pin_clear
                0x000162b0       0x20 _build/main.o
 .text.sd_ble_gap_adv_start
                0x000162d0        0x8 _build/main.o
 .text.sd_ble_gap_disconnect
                0x000162d8        0x8 _build/main.o
 .text.sd_ble_gap_ppcp_set
                0x000162e0        0x8 _build/main.o
 .text.sd_ble_gap_device_name_set
                0x000162e8        0x8 _build/main.o
 .text.sd_ble_gap_sec_params_reply
                0x000162f0        0x8 _build/main.o
 .text.sd_ble_gap_sec_info_reply
                0x000162f8        0x8 _build/main.o
 .text.sd_ble_gatts_sys_attr_set
                0x00016300        0x8 _build/main.o
 .text.sd_ble_enable
                0x00016308        0x8 _build/main.o
 .text.sd_power_system_off
                0x00016310        0x8 _build/main.o
 .text.sd_app_evt_wait
                0x00016318        0x8 _build/main.o
 .text.app_error_handler
                0x00016320       0x38 _build/main.o
                0x00016320                app_error_handler
 .text.assert_nrf_callback
                0x00016358       0x2c _build/main.o
                0x00016358                assert_nrf_callback
 .text.control_gpio
                0x00016384       0x74 _build/main.o
                0x00016384                control_gpio
 .text.leds_init
                0x000163f8       0xa4 _build/main.o
 .text.collect_1st_handler
                0x0001649c       0x28 _build/main.o
 .text.collect_2nd_handler
                0x000164c4       0x28 _build/main.o
 .text.collect_3rd_handler
                0x000164ec       0x28 _build/main.o
 .text.collect_4th_handler
                0x00016514       0x28 _build/main.o
 .text.collect_5th_handler
                0x0001653c       0x28 _build/main.o
 .text.collect_6th_handler
                0x00016564       0x28 _build/main.o
 .text.collect_7th_handler
                0x0001658c       0x28 _build/main.o
 .text.timers_start
                0x000165b4       0x18 _build/main.o
 .text.timers_init
                0x000165cc      0x1d0 _build/main.o
 .text.gap_params_init
                0x0001679c       0xc4 _build/main.o
 .text.advertising_init
                0x00016860       0xb4 _build/main.o
 .text.handler_select
                0x00016914      0x188 _build/main.o
                0x00016914                handler_select
 .text.brew_coffee_handler
                0x00016a9c       0x20 _build/main.o
 .text.services_init
                0x00016abc       0x58 _build/main.o
 .text.sec_params_init
                0x00016b14       0x44 _build/main.o
 .text.on_conn_params_evt
                0x00016b58       0x5c _build/main.o
 .text.conn_params_error_handler
                0x00016bb4       0x28 _build/main.o
 .text.conn_params_init
                0x00016bdc       0x90 _build/main.o
 .text.advertising_start
                0x00016c6c       0x74 _build/main.o
 .text.on_ble_evt
                0x00016ce0      0x1d0 _build/main.o
 .text.ble_evt_dispatch
                0x00016eb0       0x3c _build/main.o
 .text.sys_evt_dispatch
                0x00016eec       0x18 _build/main.o
 .text.ble_stack_init
                0x00016f04       0xf0 _build/main.o
 .text.scheduler_init
                0x00016ff4       0x44 _build/main.o
 .text.gpiote_init
                0x00017038       0x40 _build/main.o
 .text.uart_init
                0x00017078       0x38 _build/main.o
 .text.UART0_IRQHandler
                0x000170b0       0x28 _build/main.o
                0x000170b0                UART0_IRQHandler
 .text.power_manage
                0x000170d8       0x38 _build/main.o
 .text.main     0x00017110       0x44 _build/main.o
                0x00017110                main
 .text.sd_ble_gatts_service_add
                0x00017154        0x8 _build/ble_cis.o
 .text.sd_ble_gatts_characteristic_add
                0x0001715c        0x8 _build/ble_cis.o
 .text.sd_ble_uuid_vs_add
                0x00017164        0x8 _build/ble_cis.o
 .text.on_connect
                0x0001716c       0x28 _build/ble_cis.o
 .text.on_disconnect
                0x00017194       0x28 _build/ble_cis.o
 .text.on_write
                0x000171bc       0x50 _build/ble_cis.o
 .text.ble_cis_on_ble_evt
                0x0001720c       0x5c _build/ble_cis.o
                0x0001720c                ble_cis_on_ble_evt
 .text.led_char_add
                0x00017268      0x15c _build/ble_cis.o
 .text.ble_cis_init
                0x000173c4       0xb4 _build/ble_cis.o
                0x000173c4                ble_cis_init
 .text.sd_ble_gap_adv_data_set
                0x00017478        0x8 _build/ble_advdata.o
 .text.sd_ble_gap_appearance_get
                0x00017480        0x8 _build/ble_advdata.o
 .text.sd_ble_gap_device_name_get
                0x00017488        0x8 _build/ble_advdata.o
 .text.sd_ble_uuid_encode
                0x00017490        0x8 _build/ble_advdata.o
 .text.uint16_encode
                0x00017498       0x34 _build/ble_advdata.o
 .text.name_encode
                0x000174cc      0x134 _build/ble_advdata.o
 .text.appearance_encode
                0x00017600       0x88 _build/ble_advdata.o
 .text.uint8_array_encode
                0x00017688       0xa0 _build/ble_advdata.o
 .text.tx_power_level_encode
                0x00017728       0x6c _build/ble_advdata.o
 .text.uuid_list_sized_encode
                0x00017794      0x16c _build/ble_advdata.o
 .text.uuid_list_encode
                0x00017900       0x6c _build/ble_advdata.o
 .text.conn_int_check
                0x0001796c       0x80 _build/ble_advdata.o
 .text.conn_int_encode
                0x000179ec       0xa8 _build/ble_advdata.o
 .text.manuf_specific_data_encode
                0x00017a94       0xcc _build/ble_advdata.o
 .text.service_data_encode
                0x00017b60      0x100 _build/ble_advdata.o
 .text.adv_data_encode
                0x00017c60      0x1b8 _build/ble_advdata.o
 .text.advdata_check
                0x00017e18       0x34 _build/ble_advdata.o
 .text.srdata_check
                0x00017e4c       0x20 _build/ble_advdata.o
 .text.ble_advdata_set
                0x00017e6c       0xcc _build/ble_advdata.o
                0x00017e6c                ble_advdata_set
 .text.sd_nvic_EnableIRQ
                0x00017f38        0x8 _build/softdevice_handler.o
 .text.sd_evt_get
                0x00017f40        0x8 _build/softdevice_handler.o
 .text.sd_softdevice_enable
                0x00017f48        0x8 _build/softdevice_handler.o
 .text.is_word_aligned
                0x00017f50       0x1c _build/softdevice_handler.o
 .text.sd_ble_evt_get
                0x00017f6c        0x8 _build/softdevice_handler.o
 .text.softdevice_assertion_handler
                0x00017f74       0x28 _build/softdevice_handler.o
                0x00017f74                softdevice_assertion_handler
 .text.intern_softdevice_events_execute
                0x00017f9c      0x114 _build/softdevice_handler.o
                0x00017f9c                intern_softdevice_events_execute
 .text.softdevice_handler_init
                0x000180b0       0x8c _build/softdevice_handler.o
                0x000180b0                softdevice_handler_init
 .text.softdevice_ble_evt_handler_set
                0x0001813c       0x28 _build/softdevice_handler.o
                0x0001813c                softdevice_ble_evt_handler_set
 .text.softdevice_sys_evt_handler_set
                0x00018164       0x28 _build/softdevice_handler.o
                0x00018164                softdevice_sys_evt_handler_set
 .text.SWI2_IRQHandler
                0x0001818c       0x4c _build/softdevice_handler.o
                0x0001818c                SWI2_IRQHandler
 .text.ble_debug_assert_handler
                0x000181d8       0x48 _build/ble_debug_assert_handler.o
                0x000181d8                ble_debug_assert_handler
 .text.sd_ble_gap_conn_param_update
                0x00018220        0x8 _build/ble_conn_params.o
 .text.sd_ble_gap_disconnect
                0x00018228        0x8 _build/ble_conn_params.o
 .text.sd_ble_gap_ppcp_set
                0x00018230        0x8 _build/ble_conn_params.o
 .text.sd_ble_gap_ppcp_get
                0x00018238        0x8 _build/ble_conn_params.o
 .text.uint16_decode
                0x00018240       0x28 _build/ble_conn_params.o
 .text.ble_srv_is_notification_enabled
                0x00018268       0x30 _build/ble_conn_params.o
 .text.is_conn_params_ok
                0x00018298       0x34 _build/ble_conn_params.o
 .text.update_timeout_handler
                0x000182cc       0xc4 _build/ble_conn_params.o
 .text.ble_conn_params_init
                0x00018390       0xac _build/ble_conn_params.o
                0x00018390                ble_conn_params_init
 .text.conn_params_negotiation
                0x0001843c       0xbc _build/ble_conn_params.o
 .text.on_connect
                0x000184f8       0x4c _build/ble_conn_params.o
 .text.on_disconnect
                0x00018544       0x54 _build/ble_conn_params.o
 .text.on_write
                0x00018598       0x6c _build/ble_conn_params.o
 .text.on_conn_params_update
                0x00018604       0x2c _build/ble_conn_params.o
 .text.ble_conn_params_on_ble_evt
                0x00018630       0x50 _build/ble_conn_params.o
                0x00018630                ble_conn_params_on_ble_evt
 .text.sd_flash_write
                0x00018680        0x8 _build/pstorage.o
 .text.sd_flash_page_erase
                0x00018688        0x8 _build/pstorage.o
 .text.cmd_queue_element_init
                0x00018690       0x84 _build/pstorage.o
 .text.cmd_queue_dequeue
                0x00018714       0x38 _build/pstorage.o
 .text.app_notify
                0x0001874c       0xa8 _build/pstorage.o
 .text.pstorage_sys_event_handler
                0x000187f4      0x1d0 _build/pstorage.o
                0x000187f4                pstorage_sys_event_handler
 .text.swap_state_process
                0x000189c4      0x2d8 _build/pstorage.o
 .text.cmd_process
                0x00018c9c      0x210 _build/pstorage.o
 .text.is_word_aligned
                0x00018eac       0x1c _build/app_timer.o
 .text.NVIC_EnableIRQ
                0x00018ec8       0x2c _build/app_timer.o
 .text.NVIC_DisableIRQ
                0x00018ef4       0x30 _build/app_timer.o
 .text.NVIC_SetPendingIRQ
                0x00018f24       0x34 _build/app_timer.o
 .text.NVIC_ClearPendingIRQ
                0x00018f58       0x34 _build/app_timer.o
 .text.NVIC_SetPriority
                0x00018f8c       0xe0 _build/app_timer.o
 .text.NVIC_GetPriority
                0x0001906c       0x78 _build/app_timer.o
 .text.nrf_delay_us
                0x000190e4       0x34 _build/app_timer.o
 .text.current_int_priority_get
                0x00019118       0x3c _build/app_timer.o
 .text.rtc1_init
                0x00019154       0x24 _build/app_timer.o
 .text.rtc1_start
                0x00019178       0x48 _build/app_timer.o
 .text.rtc1_stop
                0x000191c0       0x58 _build/app_timer.o
 .text.rtc1_counter_get
                0x00019218       0x18 _build/app_timer.o
 .text.ticks_diff_get
                0x00019230       0x1c _build/app_timer.o
 .text.rtc1_compare0_set
                0x0001924c       0x1c _build/app_timer.o
 .text.timer_list_insert
                0x00019268      0x144 _build/app_timer.o
 .text.timer_list_remove
                0x000193ac       0xf8 _build/app_timer.o
 .text.timer_timeouts_check_sched
                0x000194a4       0x10 _build/app_timer.o
 .text.timer_list_handler_sched
                0x000194b4       0x10 _build/app_timer.o
 .text.timeout_handler_exec
                0x000194c4       0x64 _build/app_timer.o
 .text.timer_timeouts_check
                0x00019528       0xcc _build/app_timer.o
 .text.elapsed_ticks_acquire
                0x000195f4       0x7c _build/app_timer.o
 .text.list_deletions_handler
                0x00019670      0x124 _build/app_timer.o
 .text.expired_timers_handler
                0x00019794       0xb0 _build/app_timer.o
 .text.list_insertions_handler
                0x00019844      0x1ac _build/app_timer.o
 .text.compare_reg_update
                0x000199f0       0xc4 _build/app_timer.o
 .text.timer_list_handler
                0x00019ab4       0x8c _build/app_timer.o
 .text.user_op_enque
                0x00019b40       0x18 _build/app_timer.o
 .text.user_op_alloc
                0x00019b58       0x58 _build/app_timer.o
 .text.timer_start_op_schedule
                0x00019bb0       0x80 _build/app_timer.o
 .text.timer_stop_op_schedule
                0x00019c30       0x60 _build/app_timer.o
 .text.RTC1_IRQHandler
                0x00019c90       0x4c _build/app_timer.o
                0x00019c90                RTC1_IRQHandler
 .text.SWI0_IRQHandler
                0x00019cdc        0xc _build/app_timer.o
                0x00019cdc                SWI0_IRQHandler
 .text.app_timer_init
                0x00019ce8      0x170 _build/app_timer.o
                0x00019ce8                app_timer_init
 .text.app_timer_create
                0x00019e58       0xbc _build/app_timer.o
                0x00019e58                app_timer_create
 .text.user_id_get
                0x00019f14       0x34 _build/app_timer.o
 .text.app_timer_start
                0x00019f48       0x8c _build/app_timer.o
                0x00019f48                app_timer_start
 .text.app_timer_stop
                0x00019fd4       0x60 _build/app_timer.o
                0x00019fd4                app_timer_stop
 .text.is_word_aligned
                0x0001a034       0x1c _build/app_scheduler.o
 .text.next_index
                0x0001a050       0x34 _build/app_scheduler.o
 .text.app_sched_init
                0x0001a084       0x90 _build/app_scheduler.o
                0x0001a084                app_sched_init
 .text.app_sched_event_get
                0x0001a114       0xa0 _build/app_scheduler.o
 .text.app_sched_execute
                0x0001a1b4       0x38 _build/app_scheduler.o
                0x0001a1b4                app_sched_execute
 .text.NVIC_EnableIRQ
                0x0001a1ec       0x2c _build/app_gpiote.o
 .text.NVIC_ClearPendingIRQ
                0x0001a218       0x34 _build/app_gpiote.o
 .text.NVIC_SetPriority
                0x0001a24c       0xe0 _build/app_gpiote.o
 .text.is_word_aligned
                0x0001a32c       0x1c _build/app_gpiote.o
 .text.sense_level_toggle
                0x0001a348       0xac _build/app_gpiote.o
 .text.GPIOTE_IRQHandler
                0x0001a3f4      0x11c _build/app_gpiote.o
                0x0001a3f4                GPIOTE_IRQHandler
 .text.app_gpiote_init
                0x0001a510       0xa4 _build/app_gpiote.o
                0x0001a510                app_gpiote_init
 .text.nrf_gpio_cfg_output
                0x0001a5b4       0x20 _build/simple_uart.o
 .text.nrf_gpio_cfg_input
                0x0001a5d4       0x2c _build/simple_uart.o
 .text.simple_uart_get
                0x0001a600       0x30 _build/simple_uart.o
                0x0001a600                simple_uart_get
 .text.simple_uart_config
                0x0001a630       0xd0 _build/simple_uart.o
                0x0001a630                simple_uart_config
 .text._Init    0x0001a700        0x8 _build/SEGGER_RTT.o
 .text.SEGGER_RTT_Write
                0x0001a708      0x224 _build/SEGGER_RTT.o
                0x0001a708                SEGGER_RTT_Write
 .text._StoreChar
                0x0001a92c       0x84 _build/SEGGER_RTT_printf.o
 .text._PrintUnsigned
                0x0001a9b0      0x15c _build/SEGGER_RTT_printf.o
 .text._PrintInt
                0x0001ab0c      0x13c _build/SEGGER_RTT_printf.o
 .text.SEGGER_RTT_vprintf
                0x0001ac48      0x364 _build/SEGGER_RTT_printf.o
                0x0001ac48                SEGGER_RTT_vprintf
 .text.SEGGER_RTT_printf
                0x0001afac       0x34 _build/SEGGER_RTT_printf.o
                0x0001afac                SEGGER_RTT_printf
 .text.SystemInit
                0x0001afe0       0x44 _build/system_nrf51.o
                0x0001afe0                SystemInit
 .text.is_manual_peripheral_setup_needed
                0x0001b024       0x80 _build/system_nrf51.o
 .text.is_disabled_in_debug_needed
                0x0001b0a4       0x4c _build/system_nrf51.o
 .text          0x0001b0f0       0x54 _build/gcc_startup_nrf51.o
                0x0001b0f0                Reset_Handler
                0x0001b138                NMI_Handler
                0x0001b13a                HardFault_Handler
                0x0001b13c                SVC_Handler
                0x0001b13e                PendSV_Handler
                0x0001b140                SysTick_Handler
                0x0001b142                TIMER2_IRQHandler
                0x0001b142                SPI0_TWI0_IRQHandler
                0x0001b142                RTC0_IRQHandler
                0x0001b142                POWER_CLOCK_IRQHandler
                0x0001b142                RADIO_IRQHandler
                0x0001b142                LPCOMP_IRQHandler
                0x0001b142                SWI4_IRQHandler
                0x0001b142                TEMP_IRQHandler
                0x0001b142                QDEC_IRQHandler
                0x0001b142                SWI5_IRQHandler
                0x0001b142                TIMER0_IRQHandler
                0x0001b142                TIMER1_IRQHandler
                0x0001b142                ECB_IRQHandler
                0x0001b142                Default_Handler
                0x0001b142                ADC_IRQHandler
                0x0001b142                SWI3_IRQHandler
                0x0001b142                CCM_AAR_IRQHandler
                0x0001b142                WDT_IRQHandler
                0x0001b142                RNG_IRQHandler
                0x0001b142                SPI1_TWI1_IRQHandler
                0x0001b142                SWI1_IRQHandler
 .text          0x0001b144       0x9c /usr/local/gcc-arm-none-eabi-4_8-2014q1/bin/../lib/gcc/arm-none-eabi/4.8.3/armv6-m/libgcc.a(_udivsi3.o)
                0x0001b144                __udivsi3
                0x0001b144                __aeabi_uidiv
                0x0001b1cc                __aeabi_uidivmod
 .text          0x0001b1e0        0x4 /usr/local/gcc-arm-none-eabi-4_8-2014q1/bin/../lib/gcc/arm-none-eabi/4.8.3/armv6-m/libgcc.a(_dvmd_tls.o)
                0x0001b1e0                __aeabi_ldiv0
                0x0001b1e0                __aeabi_idiv0
 .text.exit     0x0001b1e4       0x20 /usr/local/gcc-arm-none-eabi-4_8-2014q1/bin/../lib/gcc/arm-none-eabi/4.8.3/../../../../arm-none-eabi/lib/armv6-m/libc.a(lib_a-exit.o)
                0x0001b1e4                exit
 .text.__libc_init_array
                0x0001b204       0x48 /usr/local/gcc-arm-none-eabi-4_8-2014q1/bin/../lib/gcc/arm-none-eabi/4.8.3/../../../../arm-none-eabi/lib/armv6-m/libc.a(lib_a-init.o)
                0x0001b204                __libc_init_array
 .text.memcpy   0x0001b24c       0x84 /usr/local/gcc-arm-none-eabi-4_8-2014q1/bin/../lib/gcc/arm-none-eabi/4.8.3/../../../../arm-none-eabi/lib/armv6-m/libc.a(lib_a-memcpy-stub.o)
                0x0001b24c                memcpy
 .text.memset   0x0001b2d0       0x9c /usr/local/gcc-arm-none-eabi-4_8-2014q1/bin/../lib/gcc/arm-none-eabi/4.8.3/../../../../arm-none-eabi/lib/armv6-m/libc.a(lib_a-memset.o)
                0x0001b2d0                memset
 .text.strncpy  0x0001b36c       0x74 /usr/local/gcc-arm-none-eabi-4_8-2014q1/bin/../lib/gcc/arm-none-eabi/4.8.3/../../../../arm-none-eabi/lib/armv6-m/libc.a(lib_a-strncpy.o)
                0x0001b36c                strncpy
 .text.__call_exitprocs
                0x0001b3e0      0x118 /usr/local/gcc-arm-none-eabi-4_8-2014q1/bin/../lib/gcc/arm-none-eabi/4.8.3/../../../../arm-none-eabi/lib/armv6-m/libc.a(lib_a-__call_atexit.o)
                0x0001b3e0                __call_exitprocs
 .text.atexit   0x0001b4f8       0x10 /usr/local/gcc-arm-none-eabi-4_8-2014q1/bin/../lib/gcc/arm-none-eabi/4.8.3/../../../../arm-none-eabi/lib/armv6-m/libc.a(lib_a-atexit.o)
                0x0001b4f8                atexit
 .text.__libc_fini_array
                0x0001b508       0x30 /usr/local/gcc-arm-none-eabi-4_8-2014q1/bin/../lib/gcc/arm-none-eabi/4.8.3/../../../../arm-none-eabi/lib/armv6-m/libc.a(lib_a-fini.o)
                0x0001b508                __libc_fini_array
 .text.__register_exitproc
                0x0001b538       0xc0 /usr/local/gcc-arm-none-eabi-4_8-2014q1/bin/../lib/gcc/arm-none-eabi/4.8.3/../../../../arm-none-eabi/lib/armv6-m/libc.a(lib_a-__atexit.o)
                0x0001b538                __register_exitproc
 .text._exit    0x0001b5f8        0x4 /usr/local/gcc-arm-none-eabi-4_8-2014q1/bin/../lib/gcc/arm-none-eabi/4.8.3/../../../../arm-none-eabi/lib/armv6-m/libnosys.a(_exit.o)
                0x0001b5f8                _exit
 *(.init)
 .init          0x0001b5fc        0x4 /usr/local/gcc-arm-none-eabi-4_8-2014q1/bin/../lib/gcc/arm-none-eabi/4.8.3/armv6-m/crti.o
                0x0001b5fc                _init
 .init          0x0001b600        0x8 /usr/local/gcc-arm-none-eabi-4_8-2014q1/bin/../lib/gcc/arm-none-eabi/4.8.3/armv6-m/crtn.o
 *(.fini)
 .fini          0x0001b608        0x4 /usr/local/gcc-arm-none-eabi-4_8-2014q1/bin/../lib/gcc/arm-none-eabi/4.8.3/armv6-m/crti.o
                0x0001b608                _fini
 .fini          0x0001b60c        0x8 /usr/local/gcc-arm-none-eabi-4_8-2014q1/bin/../lib/gcc/arm-none-eabi/4.8.3/armv6-m/crtn.o
 *crtbegin.o(.ctors)
 *crtbegin?.o(.ctors)
 *(EXCLUDE_FILE(*crtend.o *crtend?.o) .ctors)
 *(SORT(.ctors.*))
 *(.ctors)
 *crtbegin.o(.dtors)
 *crtbegin?.o(.dtors)
 *(EXCLUDE_FILE(*crtend.o *crtend?.o) .dtors)
 *(SORT(.dtors.*))
 *(.dtors)
 *(.rodata*)
 .rodata        0x0001b614      0x40c _build/main.o
 .rodata        0x0001ba20       0xb4 _build/ble_cis.o
 .rodata        0x0001bad4       0x28 _build/softdevice_handler.o
 .rodata        0x0001bafc       0x1c _build/pstorage.o
 .rodata        0x0001bb18       0x20 _build/app_timer.o
 .rodata        0x0001bb38        0xc _build/SEGGER_RTT.o
 .rodata        0x0001bb44       0x10 _build/SEGGER_RTT_printf.o
 .rodata.str1.4
                0x0001bb54        0x4 /usr/local/gcc-arm-none-eabi-4_8-2014q1/bin/../lib/gcc/arm-none-eabi/4.8.3/../../../../arm-none-eabi/lib/armv6-m/libc.a(lib_a-impure.o)
 .rodata._global_impure_ptr
                0x0001bb58        0x4 /usr/local/gcc-arm-none-eabi-4_8-2014q1/bin/../lib/gcc/arm-none-eabi/4.8.3/../../../../arm-none-eabi/lib/armv6-m/libc.a(lib_a-impure.o)
                0x0001bb58                _global_impure_ptr
 *(.eh_frame*)

.glue_7         0x0001bb5c        0x0
 .glue_7        0x00000000        0x0 linker stubs

.glue_7t        0x0001bb5c        0x0
 .glue_7t       0x00000000        0x0 linker stubs

.vfp11_veneer   0x0001bb5c        0x0
 .vfp11_veneer  0x00000000        0x0 linker stubs

.v4_bx          0x0001bb5c        0x0
 .v4_bx         0x00000000        0x0 linker stubs

.iplt           0x0001bb5c        0x0
 .iplt          0x00000000        0x0 /usr/local/gcc-arm-none-eabi-4_8-2014q1/bin/../lib/gcc/arm-none-eabi/4.8.3/armv6-m/crtbegin.o

.ARM.extab
 *(.ARM.extab* .gnu.linkonce.armextab.*)
                0x0001bb5c                __exidx_start = .

.ARM.exidx      0x0001bb5c        0x8
 *(.ARM.exidx* .gnu.linkonce.armexidx.*)
 .ARM.exidx     0x0001bb5c        0x8 /usr/local/gcc-arm-none-eabi-4_8-2014q1/bin/../lib/gcc/arm-none-eabi/4.8.3/../../../../arm-none-eabi/lib/armv6-m/crt0.o
 .ARM.exidx     0x0001bb64        0x0 _build/gcc_startup_nrf51.o
                                  0x8 (size before relaxing)
                0x0001bb64                __exidx_end = .
                0x0001bb64                __etext = .

.rel.dyn        0x0001bb64        0x0
 .rel.iplt      0x00000000        0x0 /usr/local/gcc-arm-none-eabi-4_8-2014q1/bin/../lib/gcc/arm-none-eabi/4.8.3/armv6-m/crtbegin.o

.data           0x20002000      0x4a8 load address 0x0001bb64
                0x20002000                __data_start__ = .
 *(vtable)
 *(.data*)
 .data          0x20002000        0x2 _build/main.o
 *fill*         0x20002002        0x2 
 .data          0x20002004       0x78 _build/SEGGER_RTT.o
 *fill*         0x2000207c        0x4 
 .data.impure_data
                0x20002080      0x428 /usr/local/gcc-arm-none-eabi-4_8-2014q1/bin/../lib/gcc/arm-none-eabi/4.8.3/../../../../arm-none-eabi/lib/armv6-m/libc.a(lib_a-impure.o)
                0x200024a8                . = ALIGN (0x4)
                0x200024a8                PROVIDE (__preinit_array_start, .)
 *(.preinit_array)
                0x200024a8                PROVIDE (__preinit_array_end, .)
                0x200024a8                . = ALIGN (0x4)
                0x200024a8                PROVIDE (__init_array_start, .)
 *(SORT(.init_array.*))
 *(.init_array)
                0x200024a8                PROVIDE (__init_array_end, .)
                0x200024a8                . = ALIGN (0x4)
                0x200024a8                PROVIDE (__fini_array_start, .)
 *(SORT(.fini_array.*))
 *(.fini_array)
                0x200024a8                PROVIDE (__fini_array_end, .)
 *(.jcr)
                0x200024a8                . = ALIGN (0x4)
                0x200024a8                __data_end__ = .

.igot.plt       0x200024a8        0x0 load address 0x0001c00c
 .igot.plt      0x00000000        0x0 /usr/local/gcc-arm-none-eabi-4_8-2014q1/bin/../lib/gcc/arm-none-eabi/4.8.3/armv6-m/crtbegin.o

.bss            0x200024a8      0xbcc load address 0x0001c00c
                0x200024a8                . = ALIGN (0x4)
                0x200024a8                __bss_start__ = .
 *(.bss*)
 .bss           0x200024a8      0x5b4 _build/main.o
 .bss           0x20002a5c       0x14 _build/softdevice_handler.o
 .bss           0x20002a70       0x88 _build/ble_debug_assert_handler.o
 .bss           0x20002af8       0x38 _build/ble_conn_params.o
 .bss           0x20002b30       0xe8 _build/pstorage.o
 .bss           0x20002c18       0x2c _build/app_timer.o
 .bss           0x20002c44       0x10 _build/app_scheduler.o
 .bss           0x20002c54        0xc _build/app_gpiote.o
 .bss           0x20002c60      0x414 _build/SEGGER_RTT.o
 *(COMMON)
                0x20003074                . = ALIGN (0x4)
                0x20003074                __bss_end__ = .

.heap           0x20003078        0x0
                0x20003078                __end__ = .
                0x20003078                end = __end__
 *(.heap*)
 .heap          0x20003078        0x0 _build/gcc_startup_nrf51.o
                0x20003078                __HeapLimit = .

.stack_dummy    0x20003078      0x800
 *(.stack*)
 .stack         0x20003078      0x800 _build/gcc_startup_nrf51.o
                0x20004000                __StackTop = (ORIGIN (RAM) + 0x2000)
                0x20003800                __StackLimit = (__StackTop - SIZEOF (.stack_dummy))
                0x20004000                PROVIDE (__stack, __StackTop)
                0x00000001                ASSERT ((__StackLimit >= __HeapLimit), region RAM overflowed with stack)
OUTPUT(_build/Coffee_s110_xxaa.out elf32-littlearm)

.ARM.attributes
                0x00000000       0x28
 .ARM.attributes
                0x00000000       0x1e /usr/local/gcc-arm-none-eabi-4_8-2014q1/bin/../lib/gcc/arm-none-eabi/4.8.3/armv6-m/crti.o
 .ARM.attributes
                0x0000001e       0x1b /usr/local/gcc-arm-none-eabi-4_8-2014q1/bin/../lib/gcc/arm-none-eabi/4.8.3/../../../../arm-none-eabi/lib/armv6-m/crt0.o
 .ARM.attributes
                0x00000039       0x31 _build/main.o
 .ARM.attributes
                0x0000006a       0x31 _build/ble_cis.o
 .ARM.attributes
                0x0000009b       0x31 _build/ble_advdata.o
 .ARM.attributes
                0x000000cc       0x31 _build/softdevice_handler.o
 .ARM.attributes
                0x000000fd       0x31 _build/ble_debug_assert_handler.o
 .ARM.attributes
                0x0000012e       0x31 _build/ble_conn_params.o
 .ARM.attributes
                0x0000015f       0x31 _build/pstorage.o
 .ARM.attributes
                0x00000190       0x31 _build/app_timer.o
 .ARM.attributes
                0x000001c1       0x31 _build/app_scheduler.o
 .ARM.attributes
                0x000001f2       0x31 _build/app_gpiote.o
 .ARM.attributes
                0x00000223       0x31 _build/simple_uart.o
 .ARM.attributes
                0x00000254       0x31 _build/SEGGER_RTT.o
 .ARM.attributes
                0x00000285       0x31 _build/SEGGER_RTT_printf.o
 .ARM.attributes
                0x000002b6       0x31 _build/system_nrf51.o
 .ARM.attributes
                0x000002e7       0x1b _build/gcc_startup_nrf51.o
 .ARM.attributes
                0x00000302       0x1e /usr/local/gcc-arm-none-eabi-4_8-2014q1/bin/../lib/gcc/arm-none-eabi/4.8.3/armv6-m/libgcc.a(_udivsi3.o)
 .ARM.attributes
                0x00000320       0x1e /usr/local/gcc-arm-none-eabi-4_8-2014q1/bin/../lib/gcc/arm-none-eabi/4.8.3/armv6-m/libgcc.a(_dvmd_tls.o)
 .ARM.attributes
                0x0000033e       0x2c /usr/local/gcc-arm-none-eabi-4_8-2014q1/bin/../lib/gcc/arm-none-eabi/4.8.3/../../../../arm-none-eabi/lib/armv6-m/libc.a(lib_a-exit.o)
 .ARM.attributes
                0x0000036a       0x2c /usr/local/gcc-arm-none-eabi-4_8-2014q1/bin/../lib/gcc/arm-none-eabi/4.8.3/../../../../arm-none-eabi/lib/armv6-m/libc.a(lib_a-impure.o)
 .ARM.attributes
                0x00000396       0x2c /usr/local/gcc-arm-none-eabi-4_8-2014q1/bin/../lib/gcc/arm-none-eabi/4.8.3/../../../../arm-none-eabi/lib/armv6-m/libc.a(lib_a-init.o)
 .ARM.attributes
                0x000003c2       0x2c /usr/local/gcc-arm-none-eabi-4_8-2014q1/bin/../lib/gcc/arm-none-eabi/4.8.3/../../../../arm-none-eabi/lib/armv6-m/libc.a(lib_a-memcpy-stub.o)
 .ARM.attributes
                0x000003ee       0x2c /usr/local/gcc-arm-none-eabi-4_8-2014q1/bin/../lib/gcc/arm-none-eabi/4.8.3/../../../../arm-none-eabi/lib/armv6-m/libc.a(lib_a-memset.o)
 .ARM.attributes
                0x0000041a       0x2c /usr/local/gcc-arm-none-eabi-4_8-2014q1/bin/../lib/gcc/arm-none-eabi/4.8.3/../../../../arm-none-eabi/lib/armv6-m/libc.a(lib_a-strncpy.o)
 .ARM.attributes
                0x00000446       0x2c /usr/local/gcc-arm-none-eabi-4_8-2014q1/bin/../lib/gcc/arm-none-eabi/4.8.3/../../../../arm-none-eabi/lib/armv6-m/libc.a(lib_a-__call_atexit.o)
 .ARM.attributes
                0x00000472       0x2c /usr/local/gcc-arm-none-eabi-4_8-2014q1/bin/../lib/gcc/arm-none-eabi/4.8.3/../../../../arm-none-eabi/lib/armv6-m/libc.a(lib_a-atexit.o)
 .ARM.attributes
                0x0000049e       0x2c /usr/local/gcc-arm-none-eabi-4_8-2014q1/bin/../lib/gcc/arm-none-eabi/4.8.3/../../../../arm-none-eabi/lib/armv6-m/libc.a(lib_a-fini.o)
 .ARM.attributes
                0x000004ca       0x2c /usr/local/gcc-arm-none-eabi-4_8-2014q1/bin/../lib/gcc/arm-none-eabi/4.8.3/../../../../arm-none-eabi/lib/armv6-m/libc.a(lib_a-__atexit.o)
 .ARM.attributes
                0x000004f6       0x1e /usr/local/gcc-arm-none-eabi-4_8-2014q1/bin/../lib/gcc/arm-none-eabi/4.8.3/armv6-m/crtn.o
 .ARM.attributes
                0x00000514       0x2c /usr/local/gcc-arm-none-eabi-4_8-2014q1/bin/../lib/gcc/arm-none-eabi/4.8.3/../../../../arm-none-eabi/lib/armv6-m/libnosys.a(_exit.o)

.comment        0x00000000       0x70
 .comment       0x00000000       0x70 _build/main.o
                                 0x71 (size before relaxing)
 .comment       0x00000000       0x71 _build/ble_cis.o
 .comment       0x00000000       0x71 _build/ble_advdata.o
 .comment       0x00000000       0x71 _build/softdevice_handler.o
 .comment       0x00000000       0x71 _build/ble_debug_assert_handler.o
 .comment       0x00000000       0x71 _build/ble_conn_params.o
 .comment       0x00000000       0x71 _build/pstorage.o
 .comment       0x00000000       0x71 _build/app_timer.o
 .comment       0x00000000       0x71 _build/app_scheduler.o
 .comment       0x00000000       0x71 _build/app_gpiote.o
 .comment       0x00000000       0x71 _build/simple_uart.o
 .comment       0x00000000       0x71 _build/SEGGER_RTT.o
 .comment       0x00000000       0x71 _build/SEGGER_RTT_printf.o
 .comment       0x00000000       0x71 _build/system_nrf51.o

.debug_info     0x00000000    0x15bf4
 .debug_info    0x00000000     0x4956 _build/main.o
 .debug_info    0x00004956     0x2837 _build/ble_cis.o
 .debug_info    0x0000718d     0x20d5 _build/ble_advdata.o
 .debug_info    0x00009262     0x3626 _build/softdevice_handler.o
 .debug_info    0x0000c888      0x175 _build/ble_debug_assert_handler.o
 .debug_info    0x0000c9fd     0x2a69 _build/ble_conn_params.o
 .debug_info    0x0000f466     0x1927 _build/pstorage.o
 .debug_info    0x00010d8d     0x1f4e _build/app_timer.o
 .debug_info    0x00012cdb     0x1353 _build/app_scheduler.o
 .debug_info    0x0001402e      0x9c9 _build/app_gpiote.o
 .debug_info    0x000149f7      0x6ab _build/simple_uart.o
 .debug_info    0x000150a2      0x52c _build/SEGGER_RTT.o
 .debug_info    0x000155ce      0x3f1 _build/SEGGER_RTT_printf.o
 .debug_info    0x000159bf      0x1b1 _build/system_nrf51.o
 .debug_info    0x00015b70       0x84 _build/gcc_startup_nrf51.o

.debug_abbrev   0x00000000     0x2037
 .debug_abbrev  0x00000000      0x3c2 _build/main.o
 .debug_abbrev  0x000003c2      0x29e _build/ble_cis.o
 .debug_abbrev  0x00000660      0x288 _build/ble_advdata.o
 .debug_abbrev  0x000008e8      0x311 _build/softdevice_handler.o
 .debug_abbrev  0x00000bf9       0xb9 _build/ble_debug_assert_handler.o
 .debug_abbrev  0x00000cb2      0x33d _build/ble_conn_params.o
 .debug_abbrev  0x00000fef      0x278 _build/pstorage.o
 .debug_abbrev  0x00001267      0x367 _build/app_timer.o
 .debug_abbrev  0x000015ce      0x252 _build/app_scheduler.o
 .debug_abbrev  0x00001820      0x24f _build/app_gpiote.o
 .debug_abbrev  0x00001a6f      0x190 _build/simple_uart.o
 .debug_abbrev  0x00001bff      0x1a9 _build/SEGGER_RTT.o
 .debug_abbrev  0x00001da8      0x187 _build/SEGGER_RTT_printf.o
 .debug_abbrev  0x00001f2f       0xf4 _build/system_nrf51.o
 .debug_abbrev  0x00002023       0x14 _build/gcc_startup_nrf51.o

.debug_aranges  0x00000000     0x1810
 .debug_aranges
                0x00000000      0x4b8 _build/main.o
 .debug_aranges
                0x000004b8      0x1f8 _build/ble_cis.o
 .debug_aranges
                0x000006b0      0x240 _build/ble_advdata.o
 .debug_aranges
                0x000008f0      0x3c0 _build/softdevice_handler.o
 .debug_aranges
                0x00000cb0       0x20 _build/ble_debug_assert_handler.o
 .debug_aranges
                0x00000cd0      0x230 _build/ble_conn_params.o
 .debug_aranges
                0x00000f00      0x238 _build/pstorage.o
 .debug_aranges
                0x00001138      0x300 _build/app_timer.o
 .debug_aranges
                0x00001438      0x1f0 _build/app_scheduler.o
 .debug_aranges
                0x00001628       0x78 _build/app_gpiote.o
 .debug_aranges
                0x000016a0       0x58 _build/simple_uart.o
 .debug_aranges
                0x000016f8       0x80 _build/SEGGER_RTT.o
 .debug_aranges
                0x00001778       0x40 _build/SEGGER_RTT_printf.o
 .debug_aranges
                0x000017b8       0x38 _build/system_nrf51.o
 .debug_aranges
                0x000017f0       0x20 _build/gcc_startup_nrf51.o

.debug_ranges   0x00000000     0x1758
 .debug_ranges  0x00000000      0x4a8 _build/main.o
 .debug_ranges  0x000004a8      0x1e8 _build/ble_cis.o
 .debug_ranges  0x00000690      0x230 _build/ble_advdata.o
 .debug_ranges  0x000008c0      0x3b0 _build/softdevice_handler.o
 .debug_ranges  0x00000c70       0x10 _build/ble_debug_assert_handler.o
 .debug_ranges  0x00000c80      0x238 _build/ble_conn_params.o
 .debug_ranges  0x00000eb8      0x258 _build/pstorage.o
 .debug_ranges  0x00001110      0x2f0 _build/app_timer.o
 .debug_ranges  0x00001400      0x1e0 _build/app_scheduler.o
 .debug_ranges  0x000015e0       0x68 _build/app_gpiote.o
 .debug_ranges  0x00001648       0x48 _build/simple_uart.o
 .debug_ranges  0x00001690       0x70 _build/SEGGER_RTT.o
 .debug_ranges  0x00001700       0x30 _build/SEGGER_RTT_printf.o
 .debug_ranges  0x00001730       0x28 _build/system_nrf51.o

.debug_macro    0x00000000     0xcdb9
 .debug_macro   0x00000000      0x4bb _build/main.o
 .debug_macro   0x000004bb      0x832 _build/main.o
 .debug_macro   0x00000ced       0x16 _build/main.o
 .debug_macro   0x00000d03       0x44 _build/main.o
 .debug_macro   0x00000d47      0x209 _build/main.o
 .debug_macro   0x00000f50       0x58 _build/main.o
 .debug_macro   0x00000fa8       0x35 _build/main.o
 .debug_macro   0x00000fdd       0xa3 _build/main.o
 .debug_macro   0x00001080      0x166 _build/main.o
 .debug_macro   0x000011e6       0x52 _build/main.o
 .debug_macro   0x00001238       0x16 _build/main.o
 .debug_macro   0x0000124e       0x43 _build/main.o
 .debug_macro   0x00001291      0x180 _build/main.o
 .debug_macro   0x00001411      0x2a6 _build/main.o
 .debug_macro   0x000016b7       0x10 _build/main.o
 .debug_macro   0x000016c7       0x35 _build/main.o
 .debug_macro   0x000016fc       0x1f _build/main.o
 .debug_macro   0x0000171b       0xf4 _build/main.o
 .debug_macro   0x0000180f       0x22 _build/main.o
 .debug_macro   0x00001831       0x3a _build/main.o
 .debug_macro   0x0000186b       0x1f _build/main.o
 .debug_macro   0x0000188a      0x242 _build/main.o
 .debug_macro   0x00001acc      0x1d2 _build/main.o
 .debug_macro   0x00001c9e     0x746b _build/main.o
 .debug_macro   0x00009109      0x976 _build/main.o
 .debug_macro   0x00009a7f       0x10 _build/main.o
 .debug_macro   0x00009a8f       0x22 _build/main.o
 .debug_macro   0x00009ab1       0x8e _build/main.o
 .debug_macro   0x00009b3f       0x16 _build/main.o
 .debug_macro   0x00009b55       0xd6 _build/main.o
 .debug_macro   0x00009c2b      0x1e1 _build/main.o
 .debug_macro   0x00009e0c       0x10 _build/main.o
 .debug_macro   0x00009e1c      0x308 _build/main.o
 .debug_macro   0x0000a124       0x34 _build/main.o
 .debug_macro   0x0000a158       0x22 _build/main.o
 .debug_macro   0x0000a17a      0x1d5 _build/main.o
 .debug_macro   0x0000a34f       0x16 _build/main.o
 .debug_macro   0x0000a365       0xb8 _build/main.o
 .debug_macro   0x0000a41d       0xe8 _build/main.o
 .debug_macro   0x0000a505       0x28 _build/main.o
 .debug_macro   0x0000a52d       0xa6 _build/main.o
 .debug_macro   0x0000a5d3       0x22 _build/main.o
 .debug_macro   0x0000a5f5      0x245 _build/main.o
 .debug_macro   0x0000a83a      0x130 _build/main.o
 .debug_macro   0x0000a96a       0x16 _build/main.o
 .debug_macro   0x0000a980       0x16 _build/main.o
 .debug_macro   0x0000a996       0x16 _build/main.o
 .debug_macro   0x0000a9ac       0x29 _build/main.o
 .debug_macro   0x0000a9d5       0x46 _build/main.o
 .debug_macro   0x0000aa1b       0x64 _build/main.o
 .debug_macro   0x0000aa7f       0x1c _build/main.o
 .debug_macro   0x0000aa9b       0x16 _build/main.o
 .debug_macro   0x0000aab1       0x10 _build/main.o
 .debug_macro   0x0000aac1       0x16 _build/main.o
 .debug_macro   0x0000aad7       0x1c _build/main.o
 .debug_macro   0x0000aaf3       0x10 _build/main.o
 .debug_macro   0x0000ab03       0x10 _build/main.o
 .debug_macro   0x0000ab13       0x22 _build/main.o
 .debug_macro   0x0000ab35       0xbd _build/main.o
 .debug_macro   0x0000abf2       0x16 _build/main.o
 .debug_macro   0x0000ac08      0x16c _build/main.o
 .debug_macro   0x0000ad74       0x41 _build/main.o
 .debug_macro   0x0000adb5       0x22 _build/main.o
 .debug_macro   0x0000add7       0x16 _build/main.o
 .debug_macro   0x0000aded       0x22 _build/main.o
 .debug_macro   0x0000ae0f       0x2e _build/main.o
 .debug_macro   0x0000ae3d       0x46 _build/main.o
 .debug_macro   0x0000ae83       0x22 _build/main.o
 .debug_macro   0x0000aea5       0x1c _build/main.o
 .debug_macro   0x0000aec1       0x28 _build/main.o
 .debug_macro   0x0000aee9      0x1cb _build/ble_cis.o
 .debug_macro   0x0000b0b4      0x1d2 _build/ble_advdata.o
 .debug_macro   0x0000b286      0x262 _build/softdevice_handler.o
 .debug_macro   0x0000b4e8      0x10e _build/softdevice_handler.o
 .debug_macro   0x0000b5f6       0x7f _build/softdevice_handler.o
 .debug_macro   0x0000b675       0x4a _build/softdevice_handler.o
 .debug_macro   0x0000b6bf      0x20f _build/softdevice_handler.o
 .debug_macro   0x0000b8ce       0x40 _build/softdevice_handler.o
 .debug_macro   0x0000b90e      0x30e _build/softdevice_handler.o
 .debug_macro   0x0000bc1c       0x3a _build/softdevice_handler.o
 .debug_macro   0x0000bc56       0x10 _build/softdevice_handler.o
 .debug_macro   0x0000bc66       0x10 _build/softdevice_handler.o
 .debug_macro   0x0000bc76      0x163 _build/ble_debug_assert_handler.o
 .debug_macro   0x0000bdd9      0x243 _build/ble_conn_params.o
 .debug_macro   0x0000c01c       0x1c _build/ble_conn_params.o
 .debug_macro   0x0000c038      0x25e _build/pstorage.o
 .debug_macro   0x0000c296       0x40 _build/pstorage.o
 .debug_macro   0x0000c2d6      0x27d _build/app_timer.o
 .debug_macro   0x0000c553      0x20b _build/app_scheduler.o
 .debug_macro   0x0000c75e       0x22 _build/app_scheduler.o
 .debug_macro   0x0000c780      0x1f4 _build/app_gpiote.o
 .debug_macro   0x0000c974      0x105 _build/simple_uart.o
 .debug_macro   0x0000ca79       0xf4 _build/SEGGER_RTT.o
 .debug_macro   0x0000cb6d       0x34 _build/SEGGER_RTT.o
 .debug_macro   0x0000cba1      0x102 _build/SEGGER_RTT_printf.o
 .debug_macro   0x0000cca3       0x58 _build/SEGGER_RTT_printf.o
 .debug_macro   0x0000ccfb       0xbe _build/system_nrf51.o

.debug_line     0x00000000     0x76c3
 .debug_line    0x00000000     0x1375 _build/main.o
 .debug_line    0x00001375      0x86a _build/ble_cis.o
 .debug_line    0x00001bdf      0xa0c _build/ble_advdata.o
 .debug_line    0x000025eb      0xd21 _build/softdevice_handler.o
 .debug_line    0x0000330c      0x36e _build/ble_debug_assert_handler.o
 .debug_line    0x0000367a      0x968 _build/ble_conn_params.o
 .debug_line    0x00003fe2      0xcbc _build/pstorage.o
 .debug_line    0x00004c9e      0xcfc _build/app_timer.o
 .debug_line    0x0000599a      0x8e4 _build/app_scheduler.o
 .debug_line    0x0000627e      0x561 _build/app_gpiote.o
 .debug_line    0x000067df      0x3cf _build/simple_uart.o
 .debug_line    0x00006bae      0x410 _build/SEGGER_RTT.o
 .debug_line    0x00006fbe      0x3aa _build/SEGGER_RTT_printf.o
 .debug_line    0x00007368      0x2d0 _build/system_nrf51.o
 .debug_line    0x00007638       0x8b _build/gcc_startup_nrf51.o

.debug_str      0x00000000    0x3f328
 .debug_str     0x00000000    0x3cb8b _build/main.o
                              0x3d0fd (size before relaxing)
 .debug_str     0x0003cb8b       0x9e _build/ble_cis.o
                               0xc62d (size before relaxing)
 .debug_str     0x0003cc29      0x283 _build/ble_advdata.o
                               0xbf28 (size before relaxing)
 .debug_str     0x0003ceac      0x259 _build/softdevice_handler.o
                              0x34c31 (size before relaxing)
 .debug_str     0x0003d105       0x8b _build/ble_debug_assert_handler.o
                               0x70e3 (size before relaxing)
 .debug_str     0x0003d190      0x1a8 _build/ble_conn_params.o
                               0xcfe3 (size before relaxing)
 .debug_str     0x0003d338      0xb3e _build/pstorage.o
                              0x33b57 (size before relaxing)
 .debug_str     0x0003de76      0x8f1 _build/app_timer.o
                              0x33984 (size before relaxing)
 .debug_str     0x0003e767      0x234 _build/app_scheduler.o
                              0x3016a (size before relaxing)
 .debug_str     0x0003e99b      0x21c _build/app_gpiote.o
                              0x31f9d (size before relaxing)
 .debug_str     0x0003ebb7       0xeb _build/simple_uart.o
                              0x2f519 (size before relaxing)
 .debug_str     0x0003eca2      0x335 _build/SEGGER_RTT.o
                               0x526c (size before relaxing)
 .debug_str     0x0003efd7      0x256 _build/SEGGER_RTT_printf.o
                               0x4486 (size before relaxing)
 .debug_str     0x0003f22d       0xfb _build/system_nrf51.o
                              0x2ea35 (size before relaxing)

.debug_frame    0x00000000     0x3bd0
 .debug_frame   0x00000000      0xbb0 _build/main.o
 .debug_frame   0x00000bb0      0x430 _build/ble_cis.o
 .debug_frame   0x00000fe0      0x550 _build/ble_advdata.o
 .debug_frame   0x00001530      0x7e0 _build/softdevice_handler.o
 .debug_frame   0x00001d10       0x30 _build/ble_debug_assert_handler.o
 .debug_frame   0x00001d40      0x50c _build/ble_conn_params.o
 .debug_frame   0x0000224c      0x564 _build/pstorage.o
 .debug_frame   0x000027b0      0x864 _build/app_timer.o
 .debug_frame   0x00003014      0x440 _build/app_scheduler.o
 .debug_frame   0x00003454      0x194 _build/app_gpiote.o
 .debug_frame   0x000035e8      0x10c _build/simple_uart.o
 .debug_frame   0x000036f4      0x1a8 _build/SEGGER_RTT.o
 .debug_frame   0x0000389c       0xb0 _build/SEGGER_RTT_printf.o
 .debug_frame   0x0000394c       0x80 _build/system_nrf51.o
 .debug_frame   0x000039cc       0x20 /usr/local/gcc-arm-none-eabi-4_8-2014q1/bin/../lib/gcc/arm-none-eabi/4.8.3/armv6-m/libgcc.a(_udivsi3.o)
 .debug_frame   0x000039ec       0x28 /usr/local/gcc-arm-none-eabi-4_8-2014q1/bin/../lib/gcc/arm-none-eabi/4.8.3/../../../../arm-none-eabi/lib/armv6-m/libc.a(lib_a-exit.o)
 .debug_frame   0x00003a14       0x2c /usr/local/gcc-arm-none-eabi-4_8-2014q1/bin/../lib/gcc/arm-none-eabi/4.8.3/../../../../arm-none-eabi/lib/armv6-m/libc.a(lib_a-init.o)
 .debug_frame   0x00003a40       0x30 /usr/local/gcc-arm-none-eabi-4_8-2014q1/bin/../lib/gcc/arm-none-eabi/4.8.3/../../../../arm-none-eabi/lib/armv6-m/libc.a(lib_a-memcpy-stub.o)
 .debug_frame   0x00003a70       0x30 /usr/local/gcc-arm-none-eabi-4_8-2014q1/bin/../lib/gcc/arm-none-eabi/4.8.3/../../../../arm-none-eabi/lib/armv6-m/libc.a(lib_a-memset.o)
 .debug_frame   0x00003aa0       0x30 /usr/local/gcc-arm-none-eabi-4_8-2014q1/bin/../lib/gcc/arm-none-eabi/4.8.3/../../../../arm-none-eabi/lib/armv6-m/libc.a(lib_a-strncpy.o)
 .debug_frame   0x00003ad0       0x54 /usr/local/gcc-arm-none-eabi-4_8-2014q1/bin/../lib/gcc/arm-none-eabi/4.8.3/../../../../arm-none-eabi/lib/armv6-m/libc.a(lib_a-__call_atexit.o)
 .debug_frame   0x00003b24       0x28 /usr/local/gcc-arm-none-eabi-4_8-2014q1/bin/../lib/gcc/arm-none-eabi/4.8.3/../../../../arm-none-eabi/lib/armv6-m/libc.a(lib_a-atexit.o)
 .debug_frame   0x00003b4c       0x2c /usr/local/gcc-arm-none-eabi-4_8-2014q1/bin/../lib/gcc/arm-none-eabi/4.8.3/../../../../arm-none-eabi/lib/armv6-m/libc.a(lib_a-fini.o)
 .debug_frame   0x00003b78       0x38 /usr/local/gcc-arm-none-eabi-4_8-2014q1/bin/../lib/gcc/arm-none-eabi/4.8.3/../../../../arm-none-eabi/lib/armv6-m/libc.a(lib_a-__atexit.o)
 .debug_frame   0x00003bb0       0x20 /usr/local/gcc-arm-none-eabi-4_8-2014q1/bin/../lib/gcc/arm-none-eabi/4.8.3/../../../../arm-none-eabi/lib/armv6-m/libnosys.a(_exit.o)
